
Note: No compatibility mode selected!


Circuit: test opamp acdc — alfio_raffc_pin_3 (adapted from analoggym)

Doing analysis at TEMP = 27.000000 and TNOM = 27.000000

Using SPARSE 1.3 as Direct Linear Solver

No. of Data Rows : 34

  Measurements for AC Analysis

maxval              =  1.00326e-01 at=  1.25000e+02
minval              =  7.71476e-02 at=  -4.00000e+01
avgval              =  8.82276e-02 from=  -4.00000e+01 to=  1.25000e+02
ppavl               =  2.31785e-02 from=  -4.00000e+01 to=  1.25000e+02
tc                  =  1.59220e-03
ivdd25              =  -1.81030e-04
power               =  3.25854e-04
vout25              =  8.54971e-02
vos25               =  -2.14503e-01

Doing analysis at TEMP = 27.000000 and TNOM = 27.000000

Using SPARSE 1.3 as Direct Linear Solver

No. of Data Rows : 201

  Measurements for AC Analysis


Error: measure  gain_bandwidth_product  when(WHEN) : out of interval
 .meas ac gain_bandwidth_product when vdb(opout)=0 failed!


Error: measure  phase_in_rad  find(AT) : out of interval
 .meas ac phase_in_rad find vp(opout) when vdb(opout)=0 failed!

Error in netlist line no. 2056, new internal line no. 46:

Undefined parameter [phase_in_rad]
Error in netlist line no. 2056, new internal line no. 46:

 Expression err: phase_in_rad*180/3.1416}
Error in netlist line no. 2056, new internal line no. 46:

Cannot compute substitute
cmrrdc              =  -2.91203e+01
dcgain              =  -1.53099e+01
phase_in_deg        =   failed
dcpsrp              =  -1.48981e+01
dcpsrn              =  -2.99192e+00

Warning from checkvalid: vector dcgain is not available or has zero length.
MEASURES_BEGIN
MEASURES_END
Doing analysis at TEMP = 27.000000 and TNOM = 27.000000

Using SPARSE 1.3 as Direct Linear Solver

  Measurements for AC Analysis


Error: measure  gain_bandwidth_product  when(WHEN) : out of interval
 .meas ac gain_bandwidth_product when vdb(opout)=0 failed!


Error: measure  phase_in_rad  find(AT) : out of interval
 .meas ac phase_in_rad find vp(opout) when vdb(opout)=0 failed!

Error in netlist line no. 2056, new internal line no. 46:

Undefined parameter [phase_in_rad]
Error in netlist line no. 2056, new internal line no. 46:

 Expression err: phase_in_rad*180/3.1416}
Error in netlist line no. 2056, new internal line no. 46:

Cannot compute substitute
cmrrdc              =  -2.91203e+01
dcgain              =  -1.53099e+01
phase_in_deg        =   failed
dcpsrp              =  -1.48981e+01
dcpsrn              =  -2.99192e+00


Total analysis time (seconds) = 0.109703

Total elapsed time (seconds) = 3.245 

Total DRAM available = 48871.055 MB.
DRAM currently available = 27841.012 MB.
Maximum ngspice program size =  115.949 MB.
Current ngspice program size =  115.949 MB.

