Note: Starting dynamic gmin stepping
Note: Dynamic gmin stepping completed

Note: No compatibility mode selected!


Circuit: *lib "../../../../models/pdk/ihp-sg13g2/ihp-sg13g2/libs.tech/ngspice/models/cornerMOSlv.lib" mos_tt

Doing analysis at TEMP = 27.000000 and TNOM = 27.000000

Using SPARSE 1.3 as Direct Linear Solver
 Reference value :  0.00000e+00Warning: output of command 'listing' will be truncated
Warning: output of command 'listing' will be truncated
Warning: output of command 'listing' will be truncated
Warning: output of command 'listing' will be truncated
Warning: output of command 'listing' will be truncated
Warning: output of command 'listing' will be truncated
Warning: output of command 'listing' will be truncated
Warning: output of command 'listing' will be truncated
Warning: output of command 'listing' will be truncated
Warning: output of command 'listing' will be truncated
Warning: output of command 'listing' will be truncated
Warning: output of command 'listing' will be truncated
Warning: output of command 'listing' will be truncated
Warning: output of command 'listing' will be truncated
Warning: output of command 'listing' will be truncated
Warning: output of command 'listing' will be truncated
Warning: output of command 'listing' will be truncated
Warning: output of command 'listing' will be truncated
Warning: output of command 'listing' will be truncated
Warning: output of command 'listing' will be truncated
Warning: output of command 'listing' will be truncated
Warning: output of command 'listing' will be truncated
Warning: output of command 'listing' will be truncated
Warning: output of command 'listing' will be truncated

No. of Data Rows : 1
ngspice-45.2 done
