This is pdfTeX, Version 3.141592653-2.6-1.40.22 (TeX Live 2022/dev/Debian) (preloaded format=pdflatex 2025.9.24)  12 SEP 2026 14:38
entering extended mode
 restricted \write18 enabled.
 %&-line parsing enabled.
**report.tex
(./report.tex
LaTeX2e <2021-11-15> patch level 1
L3 programming layer <2022-01-21>
(/usr/share/texlive/texmf-dist/tex/latex/base/article.cls
Document Class: article 2021/10/04 v1.4n Standard LaTeX document class
(/usr/share/texlive/texmf-dist/tex/latex/base/size11.clo
File: size11.clo 2021/10/04 v1.4n Standard LaTeX file (size option)
)
\c@part=\count185
\c@section=\count186
\c@subsection=\count187
\c@subsubsection=\count188
\c@paragraph=\count189
\c@subparagraph=\count190
\c@figure=\count191
\c@table=\count192
\abovecaptionskip=\skip47
\belowcaptionskip=\skip48
\bibindent=\dimen138
)
(/usr/share/texlive/texmf-dist/tex/latex/geometry/geometry.sty
Package: geometry 2020/01/02 v5.9 Page Geometry

(/usr/share/texlive/texmf-dist/tex/latex/graphics/keyval.sty
Package: keyval 2014/10/28 v1.15 key=value parser (DPC)
\KV@toks@=\toks16
)
(/usr/share/texlive/texmf-dist/tex/generic/iftex/ifvtex.sty
Package: ifvtex 2019/10/25 v1.7 ifvtex legacy package. Use iftex instead.

(/usr/share/texlive/texmf-dist/tex/generic/iftex/iftex.sty
Package: iftex 2020/03/06 v1.0d TeX engine tests
))
\Gm@cnth=\count193
\Gm@cntv=\count194
\c@Gm@tempcnt=\count195
\Gm@bindingoffset=\dimen139
\Gm@wd@mp=\dimen140
\Gm@odd@mp=\dimen141
\Gm@even@mp=\dimen142
\Gm@layoutwidth=\dimen143
\Gm@layoutheight=\dimen144
\Gm@layouthoffset=\dimen145
\Gm@layoutvoffset=\dimen146
\Gm@dimlist=\toks17
)
(/usr/share/texlive/texmf-dist/tex/latex/amsmath/amsmath.sty
Package: amsmath 2021/10/15 v2.17l AMS math features
\@mathmargin=\skip49

For additional information on amsmath, use the `?' option.
(/usr/share/texlive/texmf-dist/tex/latex/amsmath/amstext.sty
Package: amstext 2021/08/26 v2.01 AMS text

(/usr/share/texlive/texmf-dist/tex/latex/amsmath/amsgen.sty
File: amsgen.sty 1999/11/30 v2.0 generic functions
\@emptytoks=\toks18
\ex@=\dimen147
))
(/usr/share/texlive/texmf-dist/tex/latex/amsmath/amsbsy.sty
Package: amsbsy 1999/11/29 v1.2d Bold Symbols
\pmbraise@=\dimen148
)
(/usr/share/texlive/texmf-dist/tex/latex/amsmath/amsopn.sty
Package: amsopn 2021/08/26 v2.02 operator names
)
\inf@bad=\count196
LaTeX Info: Redefining \frac on input line 234.
\uproot@=\count197
\leftroot@=\count198
LaTeX Info: Redefining \overline on input line 399.
\classnum@=\count199
\DOTSCASE@=\count266
LaTeX Info: Redefining \ldots on input line 496.
LaTeX Info: Redefining \dots on input line 499.
LaTeX Info: Redefining \cdots on input line 620.
\Mathstrutbox@=\box50
\strutbox@=\box51
\big@size=\dimen149
LaTeX Font Info:    Redeclaring font encoding OML on input line 743.
LaTeX Font Info:    Redeclaring font encoding OMS on input line 744.
\macc@depth=\count267
\c@MaxMatrixCols=\count268
\dotsspace@=\muskip16
\c@parentequation=\count269
\dspbrk@lvl=\count270
\tag@help=\toks19
\row@=\count271
\column@=\count272
\maxfields@=\count273
\andhelp@=\toks20
\eqnshift@=\dimen150
\alignsep@=\dimen151
\tagshift@=\dimen152
\tagwidth@=\dimen153
\totwidth@=\dimen154
\lineht@=\dimen155
\@envbody=\toks21
\multlinegap=\skip50
\multlinetaggap=\skip51
\mathdisplay@stack=\toks22
LaTeX Info: Redefining \[ on input line 2938.
LaTeX Info: Redefining \] on input line 2939.
)
(/usr/share/texlive/texmf-dist/tex/latex/booktabs/booktabs.sty
Package: booktabs 2020/01/12 v1.61803398 Publication quality tables
\heavyrulewidth=\dimen156
\lightrulewidth=\dimen157
\cmidrulewidth=\dimen158
\belowrulesep=\dimen159
\belowbottomsep=\dimen160
\aboverulesep=\dimen161
\abovetopsep=\dimen162
\cmidrulesep=\dimen163
\cmidrulekern=\dimen164
\defaultaddspace=\dimen165
\@cmidla=\count274
\@cmidlb=\count275
\@aboverulesep=\dimen166
\@belowrulesep=\dimen167
\@thisruleclass=\count276
\@lastruleclass=\count277
\@thisrulewidth=\dimen168
)
(/usr/share/texlive/texmf-dist/tex/latex/graphics/graphicx.sty
Package: graphicx 2021/09/16 v1.2d Enhanced LaTeX Graphics (DPC,SPQR)

(/usr/share/texlive/texmf-dist/tex/latex/graphics/graphics.sty
Package: graphics 2021/03/04 v1.4d Standard LaTeX Graphics (DPC,SPQR)

(/usr/share/texlive/texmf-dist/tex/latex/graphics/trig.sty
Package: trig 2021/08/11 v1.11 sin cos tan (DPC)
)
(/usr/share/texlive/texmf-dist/tex/latex/graphics-cfg/graphics.cfg
File: graphics.cfg 2016/06/04 v1.11 sample graphics configuration
)
Package graphics Info: Driver file: pdftex.def on input line 107.

(/usr/share/texlive/texmf-dist/tex/latex/graphics-def/pdftex.def
File: pdftex.def 2020/10/05 v1.2a Graphics/color driver for pdftex
))
\Gin@req@height=\dimen169
\Gin@req@width=\dimen170
)
(/usr/share/texlive/texmf-dist/tex/latex/siunitx/siunitx.sty
Package: siunitx 2022-02-02 v3.0.46 A comprehensive (SI) units package
\l__siunitx_angle_tmp_dim=\dimen171
\l__siunitx_angle_marker_box=\box52
\l__siunitx_angle_unit_box=\box53
\l__siunitx_compound_count_int=\count278

(/usr/share/texlive/texmf-dist/tex/latex/translations/translations.sty
Package: translations 2022/01/04 v1.11 internationalization of LaTeX2e packages
 (CN)

(/usr/share/texlive/texmf-dist/tex/latex/etoolbox/etoolbox.sty
Package: etoolbox 2020/10/05 v2.5k e-TeX tools for LaTeX (JAW)
\etb@tempcnta=\count279
)
(/usr/share/texlive/texmf-dist/tex/generic/pdftexcmds/pdftexcmds.sty
Package: pdftexcmds 2020-06-27 v0.33 Utility functions of pdfTeX for LuaTeX (HO
)

(/usr/share/texlive/texmf-dist/tex/generic/infwarerr/infwarerr.sty
Package: infwarerr 2019/12/03 v1.5 Providing info/warning/error messages (HO)
)
(/usr/share/texlive/texmf-dist/tex/generic/ltxcmds/ltxcmds.sty
Package: ltxcmds 2020-05-10 v1.25 LaTeX kernel commands for general use (HO)
)
Package pdftexcmds Info: \pdf@primitive is available.
Package pdftexcmds Info: \pdf@ifprimitive is available.
Package pdftexcmds Info: \pdfdraftmode found.
))
\l__siunitx_number_exponent_fixed_int=\count280
\l__siunitx_number_min_decimal_int=\count281
\l__siunitx_number_min_integer_int=\count282
\l__siunitx_number_round_precision_int=\count283
\l__siunitx_number_group_minimum_int=\count284
\l__siunitx_table_tmp_box=\box54
\l__siunitx_table_tmp_dim=\dimen172
\l__siunitx_table_column_width_dim=\dimen173
\l__siunitx_table_integer_box=\box55
\l__siunitx_table_decimal_box=\box56
\l__siunitx_table_before_box=\box57
\l__siunitx_table_after_box=\box58
\l__siunitx_table_before_dim=\dimen174
\l__siunitx_table_carry_dim=\dimen175
\l__siunitx_unit_tmp_int=\count285
\l__siunitx_unit_position_int=\count286
\l__siunitx_unit_total_int=\count287

(/usr/share/texlive/texmf-dist/tex/latex/l3packages/l3keys2e/l3keys2e.sty
(/usr/share/texlive/texmf-dist/tex/latex/l3kernel/expl3.sty
Package: expl3 2022-01-21 L3 programming layer (loader) 

(/usr/share/texlive/texmf-dist/tex/latex/l3backend/l3backend-pdftex.def
File: l3backend-pdftex.def 2022-01-12 L3 backend support: PDF output (pdfTeX)
\l__color_backend_stack_int=\count288
\l__pdf_internal_box=\box59
))
Package: l3keys2e 2022-01-12 LaTeX2e option processing using LaTeX3 keys
)
(/usr/share/texlive/texmf-dist/tex/latex/tools/array.sty
Package: array 2021/10/04 v2.5f Tabular extension package (FMi)
\col@sep=\dimen176
\ar@mcellbox=\box60
\extrarowheight=\dimen177
\NC@list=\toks23
\extratabsurround=\skip52
\backup@length=\skip53
\ar@cellbox=\box61
))
(/usr/share/texlive/texmf-dist/tex/latex/listings/listings.sty
\lst@mode=\count289
\lst@gtempboxa=\box62
\lst@token=\toks24
\lst@length=\count290
\lst@currlwidth=\dimen178
\lst@column=\count291
\lst@pos=\count292
\lst@lostspace=\dimen179
\lst@width=\dimen180
\lst@newlines=\count293
\lst@lineno=\count294
\lst@maxwidth=\dimen181

(/usr/share/texlive/texmf-dist/tex/latex/listings/lstmisc.sty
File: lstmisc.sty 2020/03/24 1.8d (Carsten Heinz)
\c@lstnumber=\count295
\lst@skipnumbers=\count296
\lst@framebox=\box63
)
(/usr/share/texlive/texmf-dist/tex/latex/listings/listings.cfg
File: listings.cfg 2020/03/24 1.8d listings configuration
))
Package: listings 2020/03/24 1.8d (Carsten Heinz)

(/usr/share/texlive/texmf-dist/tex/latex/tools/longtable.sty
Package: longtable 2021-09-01 v4.17 Multi-page Table package (DPC)
\LTleft=\skip54
\LTright=\skip55
\LTpre=\skip56
\LTpost=\skip57
\LTchunksize=\count297
\LTcapwidth=\dimen182
\LT@head=\box64
\LT@firsthead=\box65
\LT@foot=\box66
\LT@lastfoot=\box67
\LT@gbox=\box68
\LT@cols=\count298
\LT@rows=\count299
\c@LT@tables=\count300
\c@LT@chunks=\count301
\LT@p@ftn=\toks25
)
(/usr/share/texlive/texmf-dist/tex/latex/hyperref/hyperref.sty
Package: hyperref 2021-06-07 v7.00m Hypertext links for LaTeX

(/usr/share/texlive/texmf-dist/tex/generic/kvsetkeys/kvsetkeys.sty
Package: kvsetkeys 2019/12/15 v1.18 Key value parser (HO)
)
(/usr/share/texlive/texmf-dist/tex/generic/kvdefinekeys/kvdefinekeys.sty
Package: kvdefinekeys 2019-12-19 v1.6 Define keys (HO)
)
(/usr/share/texlive/texmf-dist/tex/generic/pdfescape/pdfescape.sty
Package: pdfescape 2019/12/09 v1.15 Implements pdfTeX's escape features (HO)
)
(/usr/share/texlive/texmf-dist/tex/latex/hycolor/hycolor.sty
Package: hycolor 2020-01-27 v1.10 Color options for hyperref/bookmark (HO)
)
(/usr/share/texlive/texmf-dist/tex/latex/letltxmacro/letltxmacro.sty
Package: letltxmacro 2019/12/03 v1.6 Let assignment for LaTeX macros (HO)
)
(/usr/share/texlive/texmf-dist/tex/latex/auxhook/auxhook.sty
Package: auxhook 2019-12-17 v1.6 Hooks for auxiliary files (HO)
)
(/usr/share/texlive/texmf-dist/tex/latex/kvoptions/kvoptions.sty
Package: kvoptions 2020-10-07 v3.14 Key value format for package options (HO)
)
\@linkdim=\dimen183
\Hy@linkcounter=\count302
\Hy@pagecounter=\count303

(/usr/share/texlive/texmf-dist/tex/latex/hyperref/pd1enc.def
File: pd1enc.def 2021-06-07 v7.00m Hyperref: PDFDocEncoding definition (HO)
Now handling font encoding PD1 ...
... no UTF-8 mapping file for font encoding PD1
)
(/usr/share/texlive/texmf-dist/tex/latex/hyperref/hyperref-langpatches.def
File: hyperref-langpatches.def 2021-06-07 v7.00m Hyperref: patches for babel la
nguages
)
(/usr/share/texlive/texmf-dist/tex/generic/intcalc/intcalc.sty
Package: intcalc 2019/12/15 v1.3 Expandable calculations with integers (HO)
)
(/usr/share/texlive/texmf-dist/tex/generic/etexcmds/etexcmds.sty
Package: etexcmds 2019/12/15 v1.7 Avoid name clashes with e-TeX commands (HO)
)
\Hy@SavedSpaceFactor=\count304

(/usr/share/texlive/texmf-dist/tex/latex/hyperref/puenc.def
File: puenc.def 2021-06-07 v7.00m Hyperref: PDF Unicode definition (HO)
Now handling font encoding PU ...
... no UTF-8 mapping file for font encoding PU
)
Package hyperref Info: Hyper figures OFF on input line 4192.
Package hyperref Info: Link nesting OFF on input line 4197.
Package hyperref Info: Hyper index ON on input line 4200.
Package hyperref Info: Plain pages OFF on input line 4207.
Package hyperref Info: Backreferencing OFF on input line 4212.
Package hyperref Info: Implicit mode ON; LaTeX internals redefined.
Package hyperref Info: Bookmarks ON on input line 4445.
\c@Hy@tempcnt=\count305

(/usr/share/texlive/texmf-dist/tex/latex/url/url.sty
\Urlmuskip=\muskip17
Package: url 2013/09/16  ver 3.4  Verb mode for urls, etc.
)
LaTeX Info: Redefining \url on input line 4804.
\XeTeXLinkMargin=\dimen184

(/usr/share/texlive/texmf-dist/tex/generic/bitset/bitset.sty
Package: bitset 2019/12/09 v1.3 Handle bit-vector datatype (HO)

(/usr/share/texlive/texmf-dist/tex/generic/bigintcalc/bigintcalc.sty
Package: bigintcalc 2019/12/15 v1.5 Expandable calculations on big integers (HO
)
))
\Fld@menulength=\count306
\Field@Width=\dimen185
\Fld@charsize=\dimen186
Package hyperref Info: Hyper figures OFF on input line 6076.
Package hyperref Info: Link nesting OFF on input line 6081.
Package hyperref Info: Hyper index ON on input line 6084.
Package hyperref Info: backreferencing OFF on input line 6091.
Package hyperref Info: Link coloring OFF on input line 6096.
Package hyperref Info: Link coloring with OCG OFF on input line 6101.
Package hyperref Info: PDF/A mode OFF on input line 6106.
LaTeX Info: Redefining \ref on input line 6146.
LaTeX Info: Redefining \pageref on input line 6150.

(/usr/share/texlive/texmf-dist/tex/latex/base/atbegshi-ltx.sty
Package: atbegshi-ltx 2021/01/10 v1.0c Emulation of the original atbegshi
package with kernel methods
)
\Hy@abspage=\count307
\c@Item=\count308
\c@Hfootnote=\count309
)
Package hyperref Info: Driver (autodetected): hpdftex.

(/usr/share/texlive/texmf-dist/tex/latex/hyperref/hpdftex.def
File: hpdftex.def 2021-06-07 v7.00m Hyperref driver for pdfTeX

(/usr/share/texlive/texmf-dist/tex/latex/base/atveryend-ltx.sty
Package: atveryend-ltx 2020/08/19 v1.0a Emulation of the original atveryend pac
kage
with kernel methods
)
\Fld@listcount=\count310
\c@bookmark@seq@number=\count311

(/usr/share/texlive/texmf-dist/tex/latex/rerunfilecheck/rerunfilecheck.sty
Package: rerunfilecheck 2019/12/05 v1.9 Rerun checks for auxiliary files (HO)

(/usr/share/texlive/texmf-dist/tex/generic/uniquecounter/uniquecounter.sty
Package: uniquecounter 2019/12/15 v1.4 Provide unlimited unique counter (HO)
)
Package uniquecounter Info: New unique counter `rerunfilecheck' on input line 2
86.
)
\Hy@SectionHShift=\skip58
)
(/usr/share/texlive/texmf-dist/tex/latex/bookmark/bookmark.sty
Package: bookmark 2020-11-06 v1.29 PDF bookmarks (HO)

(/usr/share/texlive/texmf-dist/tex/latex/bookmark/bkm-pdftex.def
File: bkm-pdftex.def 2020-11-06 v1.29 bookmark driver for pdfTeX (HO)
\BKM@id=\count312
))
Package translations Info: No language package found. I am going to use `englis
h' as default language. on input line 10.

(./report.aux)
\openout1 = `report.aux'.

LaTeX Font Info:    Checking defaults for OML/cmm/m/it on input line 10.
LaTeX Font Info:    ... okay on input line 10.
LaTeX Font Info:    Checking defaults for OMS/cmsy/m/n on input line 10.
LaTeX Font Info:    ... okay on input line 10.
LaTeX Font Info:    Checking defaults for OT1/cmr/m/n on input line 10.
LaTeX Font Info:    ... okay on input line 10.
LaTeX Font Info:    Checking defaults for T1/cmr/m/n on input line 10.
LaTeX Font Info:    ... okay on input line 10.
LaTeX Font Info:    Checking defaults for TS1/cmr/m/n on input line 10.
LaTeX Font Info:    ... okay on input line 10.
LaTeX Font Info:    Checking defaults for OMX/cmex/m/n on input line 10.
LaTeX Font Info:    ... okay on input line 10.
LaTeX Font Info:    Checking defaults for U/cmr/m/n on input line 10.
LaTeX Font Info:    ... okay on input line 10.
LaTeX Font Info:    Checking defaults for PD1/pdf/m/n on input line 10.
LaTeX Font Info:    ... okay on input line 10.
LaTeX Font Info:    Checking defaults for PU/pdf/m/n on input line 10.
LaTeX Font Info:    ... okay on input line 10.

*geometry* driver: auto-detecting
*geometry* detected driver: pdftex
*geometry* verbose mode - [ preamble ] result:
* driver: pdftex
* paper: <default>
* layout: <same size as paper>
* layoutoffset:(h,v)=(0.0pt,0.0pt)
* modes: 
* h-part:(L,W,R)=(72.26999pt, 469.75502pt, 72.26999pt)
* v-part:(T,H,B)=(72.26999pt, 650.43001pt, 72.26999pt)
* \paperwidth=614.295pt
* \paperheight=794.96999pt
* \textwidth=469.75502pt
* \textheight=650.43001pt
* \oddsidemargin=0.0pt
* \evensidemargin=0.0pt
* \topmargin=-37.0pt
* \headheight=12.0pt
* \headsep=25.0pt
* \topskip=11.0pt
* \footskip=30.0pt
* \marginparwidth=59.0pt
* \marginparsep=10.0pt
* \columnsep=10.0pt
* \skip\footins=10.0pt plus 4.0pt minus 2.0pt
* \hoffset=0.0pt
* \voffset=0.0pt
* \mag=1000
* \@twocolumnfalse
* \@twosidefalse
* \@mparswitchfalse
* \@reversemarginfalse
* (1in=72.27pt=25.4mm, 1cm=28.453pt)

(/usr/share/texlive/texmf-dist/tex/context/base/mkii/supp-pdf.mkii
[Loading MPS to PDF converter (version 2006.09.02).]
\scratchcounter=\count313
\scratchdimen=\dimen187
\scratchbox=\box69
\nofMPsegments=\count314
\nofMParguments=\count315
\everyMPshowfont=\toks26
\MPscratchCnt=\count316
\MPscratchDim=\dimen188
\MPnumerator=\count317
\makeMPintoPDFobject=\count318
\everyMPtoPDFconversion=\toks27
) (/usr/share/texlive/texmf-dist/tex/latex/epstopdf-pkg/epstopdf-base.sty
Package: epstopdf-base 2020-01-24 v2.11 Base part for package epstopdf
Package epstopdf-base Info: Redefining graphics rule for `.eps' on input line 4
85.

(/usr/share/texlive/texmf-dist/tex/latex/latexconfig/epstopdf-sys.cfg
File: epstopdf-sys.cfg 2010/07/13 v1.3 Configuration of (r)epstopdf for TeX Liv
e
))
(/usr/share/texlive/texmf-dist/tex/latex/graphics/color.sty
Package: color 2021/12/07 v1.3c Standard LaTeX Color (DPC)

(/usr/share/texlive/texmf-dist/tex/latex/graphics-cfg/color.cfg
File: color.cfg 2016/01/02 v1.6 sample color configuration
)
Package color Info: Driver file: pdftex.def on input line 149.
)
(/usr/share/texlive/texmf-dist/tex/latex/translations/translations-basic-dictio
nary-english.trsl
File: translations-basic-dictionary-english.trsl (english translation file `tra
nslations-basic-dictionary')
)
Package translations Info: loading dictionary `translations-basic-dictionary' f
or `english'. on input line 10.
\c@lstlisting=\count319
Package hyperref Info: Link coloring OFF on input line 10.

(/usr/share/texlive/texmf-dist/tex/latex/hyperref/nameref.sty
Package: nameref 2021-04-02 v2.47 Cross-referencing by name of section

(/usr/share/texlive/texmf-dist/tex/latex/refcount/refcount.sty
Package: refcount 2019/12/15 v3.6 Data extraction from label references (HO)
)
(/usr/share/texlive/texmf-dist/tex/generic/gettitlestring/gettitlestring.sty
Package: gettitlestring 2019/12/15 v1.6 Cleanup title references (HO)
)
\c@section@level=\count320
)
LaTeX Info: Redefining \ref on input line 10.
LaTeX Info: Redefining \pageref on input line 10.
LaTeX Info: Redefining \nameref on input line 10.

(./report.toc [1

{/var/lib/texmf/fonts/map/pdftex/updmap/pdftex.map}])
\tf@toc=\write3
\openout3 = `report.toc'.

 [2]
[3

]

Package hyperref Warning: Token not allowed in a PDF string (Unicode):
(hyperref)                removing `math shift' on input line 130.


Package hyperref Warning: Token not allowed in a PDF string (Unicode):
(hyperref)                removing `subscript' on input line 130.

[4]

Package hyperref Warning: Token not allowed in a PDF string (Unicode):
(hyperref)                removing `math shift' on input line 184.

[5]
Overfull \hbox (4.98744pt too wide) in paragraph at lines 253--254
\OT1/cmr/m/n/9 Key $\OML/cmm/m/it/9 V[] \OMS/cmsy/m/n/9 ! \OML/cmm/m/it/9 V[]$ 
\OT1/cmr/m/n/9 paths: bias diode xm0; mir-rors xm1--xm7; tail xm4; folded stack
s xm15/16/19/20; stage2 xm10/21/22;
 []

[6]
<cmos/figures/bode_mag_overlay.png, id=122, 315.0972pt x 206.6922pt>
File: cmos/figures/bode_mag_overlay.png Graphic file (type png)
<use cmos/figures/bode_mag_overlay.png>
Package pdftex.def Info: cmos/figures/bode_mag_overlay.png  used on input line 
307.
(pdftex.def)             Requested size: 413.3867pt x 271.16614pt.
<cmos/figures/bode_phase_overlay.png, id=124, 314.73586pt x 206.6922pt>
File: cmos/figures/bode_phase_overlay.png Graphic file (type png)
<use cmos/figures/bode_phase_overlay.png>
Package pdftex.def Info: cmos/figures/bode_phase_overlay.png  used on input lin
e 309.
(pdftex.def)             Requested size: 413.3867pt x 271.49098pt.
<cmos/figures/cmrr.png, id=125, 315.0972pt x 206.6922pt>
File: cmos/figures/cmrr.png Graphic file (type png)
<use cmos/figures/cmrr.png>
Package pdftex.def Info: cmos/figures/cmrr.png  used on input line 311.
(pdftex.def)             Requested size: 413.3867pt x 271.16614pt.
<cmos/figures/psrr.png, id=126, 315.0972pt x 206.6922pt>
File: cmos/figures/psrr.png Graphic file (type png)
<use cmos/figures/psrr.png>
Package pdftex.def Info: cmos/figures/psrr.png  used on input line 313.
(pdftex.def)             Requested size: 413.3867pt x 271.16614pt.
<cmos/figures/noise.png, id=127, 315.0972pt x 206.6922pt>
File: cmos/figures/noise.png Graphic file (type png)
<use cmos/figures/noise.png>
Package pdftex.def Info: cmos/figures/noise.png  used on input line 315.
(pdftex.def)             Requested size: 413.3867pt x 271.16614pt.
<cmos/figures/mc_ugf_hist.png, id=128, 315.0972pt x 192.2382pt>
File: cmos/figures/mc_ugf_hist.png Graphic file (type png)
<use cmos/figures/mc_ugf_hist.png>
Package pdftex.def Info: cmos/figures/mc_ugf_hist.png  used on input line 317.
(pdftex.def)             Requested size: 413.3867pt x 252.20346pt.
<cmos/figures/mc_pm_hist.png, id=129, 314.73586pt x 192.2382pt>
File: cmos/figures/mc_pm_hist.png Graphic file (type png)
<use cmos/figures/mc_pm_hist.png>
Package pdftex.def Info: cmos/figures/mc_pm_hist.png  used on input line 319.
(pdftex.def)             Requested size: 413.3867pt x 252.5056pt.
 [7 <./cmos/figures/bode_mag_overlay.png>]
<sky130/figures/bode_mag_overlay.png, id=141, 315.0972pt x 206.6922pt>
File: sky130/figures/bode_mag_overlay.png Graphic file (type png)
<use sky130/figures/bode_mag_overlay.png>
Package pdftex.def Info: sky130/figures/bode_mag_overlay.png  used on input lin
e 343.
(pdftex.def)             Requested size: 413.3867pt x 271.16614pt.
<sky130/figures/bode_phase_overlay.png, id=142, 314.73586pt x 206.6922pt>
File: sky130/figures/bode_phase_overlay.png Graphic file (type png)
<use sky130/figures/bode_phase_overlay.png>
Package pdftex.def Info: sky130/figures/bode_phase_overlay.png  used on input l
ine 345.
(pdftex.def)             Requested size: 413.3867pt x 271.49098pt.
<sky130/figures/cmrr.png, id=143, 315.0972pt x 206.6922pt>
File: sky130/figures/cmrr.png Graphic file (type png)
<use sky130/figures/cmrr.png>
Package pdftex.def Info: sky130/figures/cmrr.png  used on input line 347.
(pdftex.def)             Requested size: 413.3867pt x 271.16614pt.
<sky130/figures/psrr.png, id=144, 314.73586pt x 206.6922pt>
File: sky130/figures/psrr.png Graphic file (type png)
<use sky130/figures/psrr.png>
Package pdftex.def Info: sky130/figures/psrr.png  used on input line 349.
(pdftex.def)             Requested size: 413.3867pt x 271.49098pt.
<sky130/figures/noise.png, id=145, 314.73586pt x 206.6922pt>
File: sky130/figures/noise.png Graphic file (type png)
<use sky130/figures/noise.png>
Package pdftex.def Info: sky130/figures/noise.png  used on input line 351.
(pdftex.def)             Requested size: 413.3867pt x 271.49098pt.
<sky130/figures/corners_gain.png, id=146, 315.0972pt x 191.87685pt>
File: sky130/figures/corners_gain.png Graphic file (type png)
<use sky130/figures/corners_gain.png>
Package pdftex.def Info: sky130/figures/corners_gain.png  used on input line 36
7.
(pdftex.def)             Requested size: 413.3867pt x 251.7294pt.
<sky130/figures/corners_ugf.png, id=147, 315.0972pt x 191.87685pt>
File: sky130/figures/corners_ugf.png Graphic file (type png)
<use sky130/figures/corners_ugf.png>
Package pdftex.def Info: sky130/figures/corners_ugf.png  used on input line 369
.
(pdftex.def)             Requested size: 413.3867pt x 251.7294pt.
 [8 <./cmos/figures/bode_phase_overlay.png>]
<ihp/figures/bode_mag_overlay.png, id=154, 314.73586pt x 206.6922pt>
File: ihp/figures/bode_mag_overlay.png Graphic file (type png)
<use ihp/figures/bode_mag_overlay.png>
Package pdftex.def Info: ihp/figures/bode_mag_overlay.png  used on input line 3
94.
(pdftex.def)             Requested size: 413.3867pt x 271.49098pt.
<ihp/figures/bode_phase_overlay.png, id=155, 314.73586pt x 206.6922pt>
File: ihp/figures/bode_phase_overlay.png Graphic file (type png)
<use ihp/figures/bode_phase_overlay.png>
Package pdftex.def Info: ihp/figures/bode_phase_overlay.png  used on input line
 396.
(pdftex.def)             Requested size: 413.3867pt x 271.49098pt.
<ihp/figures/cmrr.png, id=156, 314.73586pt x 206.6922pt>
File: ihp/figures/cmrr.png Graphic file (type png)
<use ihp/figures/cmrr.png>
Package pdftex.def Info: ihp/figures/cmrr.png  used on input line 398.
(pdftex.def)             Requested size: 413.3867pt x 271.49098pt.
<ihp/figures/psrr.png, id=157, 314.73586pt x 206.6922pt>
File: ihp/figures/psrr.png Graphic file (type png)
<use ihp/figures/psrr.png>
Package pdftex.def Info: ihp/figures/psrr.png  used on input line 400.
(pdftex.def)             Requested size: 413.3867pt x 271.49098pt.
<ihp/figures/corners_gain.png, id=158, 315.0972pt x 191.87685pt>
File: ihp/figures/corners_gain.png Graphic file (type png)
<use ihp/figures/corners_gain.png>
Package pdftex.def Info: ihp/figures/corners_gain.png  used on input line 413.
(pdftex.def)             Requested size: 413.3867pt x 251.7294pt.
<ihp/figures/corners_ugf.png, id=159, 315.0972pt x 191.87685pt>
File: ihp/figures/corners_ugf.png Graphic file (type png)
<use ihp/figures/corners_ugf.png>
Package pdftex.def Info: ihp/figures/corners_ugf.png  used on input line 415.
(pdftex.def)             Requested size: 413.3867pt x 251.7294pt.
 [9 <./cmos/figures/cmrr.png>]
<gf180/figures/bode_mag_overlay.png, id=167, 315.0972pt x 206.6922pt>
File: gf180/figures/bode_mag_overlay.png Graphic file (type png)
<use gf180/figures/bode_mag_overlay.png>
Package pdftex.def Info: gf180/figures/bode_mag_overlay.png  used on input line
 438.
(pdftex.def)             Requested size: 413.3867pt x 271.16614pt.
<gf180/figures/bode_phase_overlay.png, id=168, 314.73586pt x 206.6922pt>
File: gf180/figures/bode_phase_overlay.png Graphic file (type png)
<use gf180/figures/bode_phase_overlay.png>
Package pdftex.def Info: gf180/figures/bode_phase_overlay.png  used on input li
ne 440.
(pdftex.def)             Requested size: 413.3867pt x 271.49098pt.
<gf180/figures/cmrr.png, id=169, 315.0972pt x 206.6922pt>
File: gf180/figures/cmrr.png Graphic file (type png)
<use gf180/figures/cmrr.png>
Package pdftex.def Info: gf180/figures/cmrr.png  used on input line 442.
(pdftex.def)             Requested size: 413.3867pt x 271.16614pt.
<gf180/figures/psrr.png, id=170, 314.73586pt x 206.6922pt>
File: gf180/figures/psrr.png Graphic file (type png)
<use gf180/figures/psrr.png>
Package pdftex.def Info: gf180/figures/psrr.png  used on input line 444.
(pdftex.def)             Requested size: 413.3867pt x 271.49098pt.
<gf180/figures/noise.png, id=171, 314.73586pt x 206.6922pt>
File: gf180/figures/noise.png Graphic file (type png)
<use gf180/figures/noise.png>
Package pdftex.def Info: gf180/figures/noise.png  used on input line 446.
(pdftex.def)             Requested size: 413.3867pt x 271.49098pt.
 [10 <./cmos/figures/psrr.png>]
<figures/cross_gain.png, id=178, 315.0972pt x 192.2382pt>
File: figures/cross_gain.png Graphic file (type png)
<use figures/cross_gain.png>
Package pdftex.def Info: figures/cross_gain.png  used on input line 474.
(pdftex.def)             Requested size: 413.3867pt x 252.20346pt.
<figures/cross_ugf.png, id=179, 315.0972pt x 192.2382pt>
File: figures/cross_ugf.png Graphic file (type png)
<use figures/cross_ugf.png>
Package pdftex.def Info: figures/cross_ugf.png  used on input line 476.
(pdftex.def)             Requested size: 413.3867pt x 252.20346pt.
<figures/cross_pm.png, id=180, 315.0972pt x 192.2382pt>
File: figures/cross_pm.png Graphic file (type png)
<use figures/cross_pm.png>
Package pdftex.def Info: figures/cross_pm.png  used on input line 478.
(pdftex.def)             Requested size: 413.3867pt x 252.20346pt.
<figures/cross_power.png, id=181, 315.0972pt x 192.2382pt>
File: figures/cross_power.png Graphic file (type png)
<use figures/cross_power.png>
Package pdftex.def Info: figures/cross_power.png  used on input line 480.
(pdftex.def)             Requested size: 413.3867pt x 252.20346pt.

[11 <./cmos/figures/noise.png>] (./dut_source.sp [12 <./cmos/figures/mc_ugf_his
t.png>]) (./sky130/tb/params.sp [13 <./cmos/figures/mc_pm_hist.png>]) [14 <./sk
y130/figures/bode_mag_overlay.png>] [15 <./sky130/figures/bode_phase_overlay.pn
g> <./sky130/figures/cmrr.png>] [16 <./sky130/figures/psrr.png> <./sky130/figur
es/noise.png>] [17 <./sky130/figures/corners_gain.png> <./sky130/figures/corner
s_ugf.png>] [18 <./ihp/figures/bode_mag_overlay.png> <./ihp/figures/bode_phase_
overlay.png>] [19 <./ihp/figures/cmrr.png> <./ihp/figures/psrr.png>] [20 <./ihp
/figures/corners_gain.png> <./ihp/figures/corners_ugf.png>] [21 <./gf180/figure
s/bode_mag_overlay.png> <./gf180/figures/bode_phase_overlay.png>] [22 <./gf180/
figures/cmrr.png> <./gf180/figures/psrr.png>] [23 <./gf180/figures/noise.png> <
./figures/cross_gain.png>] [24 <./figures/cross_ugf.png> <./figures/cross_pm.pn
g>] [25 <./figures/cross_power.png>] (./report.aux) ) 
Here is how much of TeX's memory you used:
 15519 strings out of 478287
 290410 string characters out of 5849289
 815894 words of memory out of 5000000
 33384 multiletter control sequences out of 15000+600000
 478235 words of font info for 61 fonts, out of 8000000 for 9000
 1141 hyphenation exceptions out of 8191
 71i,13n,79p,503b,2253s stack positions out of 5000i,500n,10000p,200000b,80000s
{/usr/share/texmf/fonts/en
c/dvips/cm-super/cm-super-ts1.enc}</usr/share/texlive/texmf-dist/fonts/type1/pu
blic/amsfonts/cm/cmbx10.pfb></usr/share/texlive/texmf-dist/fonts/type1/public/a
msfonts/cm/cmbx12.pfb></usr/share/texlive/texmf-dist/fonts/type1/public/amsfont
s/cm/cmbx9.pfb></usr/share/texlive/texmf-dist/fonts/type1/public/amsfonts/cmext
ra/cmex9.pfb></usr/share/texlive/texmf-dist/fonts/type1/public/amsfonts/cm/cmmi
10.pfb></usr/share/texlive/texmf-dist/fonts/type1/public/amsfonts/cm/cmmi12.pfb
></usr/share/texlive/texmf-dist/fonts/type1/public/amsfonts/cm/cmmi6.pfb></usr/
share/texlive/texmf-dist/fonts/type1/public/amsfonts/cm/cmmi7.pfb></usr/share/t
exlive/texmf-dist/fonts/type1/public/amsfonts/cm/cmmi9.pfb></usr/share/texlive/
texmf-dist/fonts/type1/public/amsfonts/cm/cmr10.pfb></usr/share/texlive/texmf-d
ist/fonts/type1/public/amsfonts/cm/cmr12.pfb></usr/share/texlive/texmf-dist/fon
ts/type1/public/amsfonts/cm/cmr17.pfb></usr/share/texlive/texmf-dist/fonts/type
1/public/amsfonts/cm/cmr6.pfb></usr/share/texlive/texmf-dist/fonts/type1/public
/amsfonts/cm/cmr7.pfb></usr/share/texlive/texmf-dist/fonts/type1/public/amsfont
s/cm/cmr8.pfb></usr/share/texlive/texmf-dist/fonts/type1/public/amsfonts/cm/cmr
9.pfb></usr/share/texlive/texmf-dist/fonts/type1/public/amsfonts/cm/cmsy10.pfb>
</usr/share/texlive/texmf-dist/fonts/type1/public/amsfonts/cm/cmsy6.pfb></usr/s
hare/texlive/texmf-dist/fonts/type1/public/amsfonts/cm/cmsy7.pfb></usr/share/te
xlive/texmf-dist/fonts/type1/public/amsfonts/cm/cmsy9.pfb></usr/share/texlive/t
exmf-dist/fonts/type1/public/amsfonts/cm/cmtt8.pfb></usr/share/texlive/texmf-di
st/fonts/type1/public/amsfonts/cm/cmtt9.pfb></usr/share/texmf/fonts/type1/publi
c/cm-super/sfrm0900.pfb>
Output written on report.pdf (25 pages, 1198529 bytes).
PDF statistics:
 594 PDF objects out of 1000 (max. 8388607)
 458 compressed objects within 5 object streams
 148 named destinations out of 1000 (max. 500000)
 442 words of extra memory for PDF output out of 10000 (max. 10000000)

