Note: Starting dynamic gmin stepping
Note: Dynamic gmin stepping completed

Note: No compatibility mode selected!


Circuit: op probe

Doing analysis at TEMP = 27.000000 and TNOM = 27.000000

Using SPARSE 1.3 as Direct Linear Solver
 Reference value :  0.00000e+00Error: no such device or model name m.x1.xm8.msky130_fd_pr__nfet_01v8
Error: no such device or model name m.x1.xm8.msky130_fd_pr__nfet_01v8
Error: no such device or model name m.x1.xm8.msky130_fd_pr__nfet_01v8
Warning from checkvalid: vector @m.x1.xm8.msky130_fd_pr__nfet_01v8[id] is not available or has zero length.
Error: no such device or model name m.x1.xm9.msky130_fd_pr__nfet_01v8
Error: no such device or model name m.x1.xm9.msky130_fd_pr__nfet_01v8
Error: no such device or model name m.x1.xm9.msky130_fd_pr__nfet_01v8
Warning from checkvalid: vector @m.x1.xm9.msky130_fd_pr__nfet_01v8[id] is not available or has zero length.
Error: no such device or model name m.x1.xm10.msky130_fd_pr__nfet_01v8
Error: no such device or model name m.x1.xm10.msky130_fd_pr__nfet_01v8
Error: no such device or model name m.x1.xm10.msky130_fd_pr__nfet_01v8
Warning from checkvalid: vector @m.x1.xm10.msky130_fd_pr__nfet_01v8[id] is not available or has zero length.
Error: no such device or model name m.x1.xm11.msky130_fd_pr__nfet_01v8
Error: no such device or model name m.x1.xm11.msky130_fd_pr__nfet_01v8
Error: no such device or model name m.x1.xm11.msky130_fd_pr__nfet_01v8
Warning from checkvalid: vector @m.x1.xm11.msky130_fd_pr__nfet_01v8[id] is not available or has zero length.
Error: no such device or model name m.x1.xm23.msky130_fd_pr__pfet_01v8
Error: no such device or model name m.x1.xm23.msky130_fd_pr__pfet_01v8
Error: no such device or model name m.x1.xm23.msky130_fd_pr__pfet_01v8
Warning from checkvalid: vector @m.x1.xm23.msky130_fd_pr__pfet_01v8[id] is not available or has zero length.
Error: no such device or model name m.x1.xm22.msky130_fd_pr__pfet_01v8
Error: no such device or model name m.x1.xm22.msky130_fd_pr__pfet_01v8
Error: no such device or model name m.x1.xm22.msky130_fd_pr__pfet_01v8
Warning from checkvalid: vector @m.x1.xm22.msky130_fd_pr__pfet_01v8[id] is not available or has zero length.
Error: no such device or model name m.x1.xm21.msky130_fd_pr__pfet_01v8
Error: no such device or model name m.x1.xm21.msky130_fd_pr__pfet_01v8
Error: no such device or model name m.x1.xm21.msky130_fd_pr__pfet_01v8
Warning from checkvalid: vector @m.x1.xm21.msky130_fd_pr__pfet_01v8[id] is not available or has zero length.
Error: no such device or model name m.x1.xm6.msky130_fd_pr__nfet_01v8
Error: no such device or model name m.x1.xm6.msky130_fd_pr__nfet_01v8
Error: no such device or model name m.x1.xm6.msky130_fd_pr__nfet_01v8
Warning from checkvalid: vector @m.x1.xm6.msky130_fd_pr__nfet_01v8[id] is not available or has zero length.
Error: no such device or model name m.x1.xm7.msky130_fd_pr__nfet_01v8
Error: no such device or model name m.x1.xm7.msky130_fd_pr__nfet_01v8
Error: no such device or model name m.x1.xm7.msky130_fd_pr__nfet_01v8
Warning from checkvalid: vector @m.x1.xm7.msky130_fd_pr__nfet_01v8[id] is not available or has zero length.
Error: no such device or model name m.x1.xm16.msky130_fd_pr__pfet_01v8
Error: no such device or model name m.x1.xm16.msky130_fd_pr__pfet_01v8
Error: no such device or model name m.x1.xm16.msky130_fd_pr__pfet_01v8
Warning from checkvalid: vector @m.x1.xm16.msky130_fd_pr__pfet_01v8[id] is not available or has zero length.
Error: no such device or model name m.x1.xm20.msky130_fd_pr__pfet_01v8
Error: no such device or model name m.x1.xm20.msky130_fd_pr__pfet_01v8
Error: no such device or model name m.x1.xm20.msky130_fd_pr__pfet_01v8
Warning from checkvalid: vector @m.x1.xm20.msky130_fd_pr__pfet_01v8[id] is not available or has zero length.
Error: no such device or model name m.x1.xm15.msky130_fd_pr__pfet_01v8
Error: no such device or model name m.x1.xm15.msky130_fd_pr__pfet_01v8
Error: no such device or model name m.x1.xm15.msky130_fd_pr__pfet_01v8
Warning from checkvalid: vector @m.x1.xm15.msky130_fd_pr__pfet_01v8[id] is not available or has zero length.
Error: no such device or model name m.x1.xm0.msky130_fd_pr__nfet_01v8
Error: no such device or model name m.x1.xm0.msky130_fd_pr__nfet_01v8
Error: no such device or model name m.x1.xm0.msky130_fd_pr__nfet_01v8
Warning from checkvalid: vector @m.x1.xm0.msky130_fd_pr__nfet_01v8[id] is not available or has zero length.
Error: no such device or model name m.x1.xm4.msky130_fd_pr__nfet_01v8
Error: no such device or model name m.x1.xm4.msky130_fd_pr__nfet_01v8
Error: no such device or model name m.x1.xm4.msky130_fd_pr__nfet_01v8
Warning from checkvalid: vector @m.x1.xm4.msky130_fd_pr__nfet_01v8[id] is not available or has zero length.
Error: no such device or model name m.x1.xm5.msky130_fd_pr__nfet_01v8
Error: no such device or model name m.x1.xm5.msky130_fd_pr__nfet_01v8
Error: no such device or model name m.x1.xm5.msky130_fd_pr__nfet_01v8
Warning from checkvalid: vector @m.x1.xm5.msky130_fd_pr__nfet_01v8[id] is not available or has zero length.

No. of Data Rows : 1
DEV xm8
@m.x1.xm8.msky130_fd_pr__pfet_01v8[id] = 2.402075e-06
@m.x1.xm8.msky130_fd_pr__pfet_01v8[gm] = 4.167882e-05
@m.x1.xm8.msky130_fd_pr__pfet_01v8[gds] = 2.108362e-07
DEV xm9
@m.x1.xm9.msky130_fd_pr__pfet_01v8[id] = 2.582825e-06
@m.x1.xm9.msky130_fd_pr__pfet_01v8[gm] = 4.477508e-05
@m.x1.xm9.msky130_fd_pr__pfet_01v8[gds] = 2.262703e-07
DEV xm10
@m.x1.xm10.msky130_fd_pr__pfet_01v8[id] = 9.826301e-06
@m.x1.xm10.msky130_fd_pr__pfet_01v8[gm] = 1.496749e-04
@m.x1.xm10.msky130_fd_pr__pfet_01v8[gds] = 1.048040e-07
DEV xm11
@m.x1.xm11.msky130_fd_pr__pfet_01v8[id] = 4.696966e-05
@m.x1.xm11.msky130_fd_pr__pfet_01v8[gm] = 5.938612e-04
@m.x1.xm11.msky130_fd_pr__pfet_01v8[gds] = 2.021672e-06
DEV xm23
@m.x1.xm23.msky130_fd_pr__nfet_01v8[id] = 4.696968e-05
@m.x1.xm23.msky130_fd_pr__nfet_01v8[gm] = 8.211790e-04
@m.x1.xm23.msky130_fd_pr__nfet_01v8[gds] = 2.639108e-06
DEV xm22
@m.x1.xm22.msky130_fd_pr__nfet_01v8[id] = 1.000864e-05
@m.x1.xm22.msky130_fd_pr__nfet_01v8[gm] = 2.347632e-04
@m.x1.xm22.msky130_fd_pr__nfet_01v8[gds] = 1.862226e-06
DEV xm21
@m.x1.xm21.msky130_fd_pr__nfet_01v8[id] = 9.826327e-06
@m.x1.xm21.msky130_fd_pr__nfet_01v8[gm] = 2.307240e-04
@m.x1.xm21.msky130_fd_pr__nfet_01v8[gds] = 1.948478e-06
DEV xm6
@m.x1.xm6.msky130_fd_pr__pfet_01v8[id] = 1.480946e-05
@m.x1.xm6.msky130_fd_pr__pfet_01v8[gm] = 1.138486e-04
@m.x1.xm6.msky130_fd_pr__pfet_01v8[gds] = 2.843168e-07
DEV xm7
@m.x1.xm7.msky130_fd_pr__pfet_01v8[id] = 1.000864e-05
@m.x1.xm7.msky130_fd_pr__pfet_01v8[gm] = 9.137087e-05
@m.x1.xm7.msky130_fd_pr__pfet_01v8[gds] = 1.646465e-07
DEV xm16
@m.x1.xm16.msky130_fd_pr__nfet_01v8[id] = 1.480947e-05
@m.x1.xm16.msky130_fd_pr__nfet_01v8[gm] = 2.226414e-04
@m.x1.xm16.msky130_fd_pr__nfet_01v8[gds] = 1.655861e-06
DEV xm20
@m.x1.xm20.msky130_fd_pr__nfet_01v8[id] = 1.742980e-05
@m.x1.xm20.msky130_fd_pr__nfet_01v8[gm] = 2.244695e-04
@m.x1.xm20.msky130_fd_pr__nfet_01v8[gds] = 1.580283e-04
DEV xm15
@m.x1.xm15.msky130_fd_pr__nfet_01v8[id] = 1.484278e-05
@m.x1.xm15.msky130_fd_pr__nfet_01v8[gm] = 2.223242e-04
@m.x1.xm15.msky130_fd_pr__nfet_01v8[gds] = 1.925979e-06
DEV xm0
@m.x1.xm0.msky130_fd_pr__pfet_01v8[id] = 9.999992e-06
@m.x1.xm0.msky130_fd_pr__pfet_01v8[gm] = 9.128942e-05
@m.x1.xm0.msky130_fd_pr__pfet_01v8[gds] = 1.726671e-07
DEV xm4
@m.x1.xm4.msky130_fd_pr__pfet_01v8[id] = 5.057524e-06
@m.x1.xm4.msky130_fd_pr__pfet_01v8[gm] = 2.783782e-05
@m.x1.xm4.msky130_fd_pr__pfet_01v8[gds] = 3.312429e-04
DEV xm5
@m.x1.xm5.msky130_fd_pr__pfet_01v8[id] = 1.484278e-05
@m.x1.xm5.msky130_fd_pr__pfet_01v8[gm] = 1.141233e-04
@m.x1.xm5.msky130_fd_pr__pfet_01v8[gds] = 2.493894e-07
v(opout) = 9.041880e-01
v(x1.net050) = 7.440813e-01
v(x1.net049) = 6.145666e-01
v(x1.net043) = 5.187399e-01
v(x1.net013) = 6.658687e-01
-i(vdd) = 1.414808e-04
Note: Simulation executed from .control section 
