
Note: No compatibility mode selected!


Circuit: * fan_smc_pin_3 acdc (gf180)

Doing analysis at TEMP = 27.000000 and TNOM = 27.000000

Using SPARSE 1.3 as Direct Linear Solver

No. of Data Rows : 1
Doing analysis at TEMP = 27.000000 and TNOM = 27.000000

Using SPARSE 1.3 as Direct Linear Solver
 Reference value :  1.00000e+00
No. of Data Rows : 451
ngspice-45.2 done

Note: Starting dynamic gmin stepping
Note: Dynamic gmin stepping completed
Error: no such device or model name m.xdut.xm8
Warning from checkvalid: vector @m.xdut.xm8[gm] is not available or has zero length.
Error: RHS "@m.xdut.xm8[gm]" invalid
Error: no such device or model name m.xdut.xm9
Warning from checkvalid: vector @m.xdut.xm9[gm] is not available or has zero length.
Error: RHS "@m.xdut.xm9[gm]" invalid
Error: no such device or model name m.xdut.xm10
Warning from checkvalid: vector @m.xdut.xm10[gm] is not available or has zero length.
Error: RHS "@m.xdut.xm10[gm]" invalid
Error: no such device or model name m.xdut.xm11
Warning from checkvalid: vector @m.xdut.xm11[gm] is not available or has zero length.
Error: RHS "@m.xdut.xm11[gm]" invalid
Error: no such device or model name m.xdut.xm23
Warning from checkvalid: vector @m.xdut.xm23[gm] is not available or has zero length.
Error: RHS "@m.xdut.xm23[gm]" invalid
Error: no such device or model name m.xdut.xm8
Warning from checkvalid: vector @m.xdut.xm8[gds] is not available or has zero length.
Error: RHS "@m.xdut.xm8[gds]" invalid
Error: no such device or model name m.xdut.xm10
Warning from checkvalid: vector @m.xdut.xm10[gds] is not available or has zero length.
Error: RHS "@m.xdut.xm10[gds]" invalid
Error: no such device or model name m.xdut.xm23
Warning from checkvalid: vector @m.xdut.xm23[gds] is not available or has zero length.
Error: RHS "@m.xdut.xm23[gds]" invalid
Error: no such device or model name m.xdut.xm11
Warning from checkvalid: vector @m.xdut.xm11[gds] is not available or has zero length.
Error: RHS "@m.xdut.xm11[gds]" invalid
Error: no such device or model name m.xdut.xm8
Warning from checkvalid: vector @m.xdut.xm8[id] is not available or has zero length.
Error: RHS "@m.xdut.xm8[id]" invalid
Error: no such device or model name m.xdut.xm10
Warning from checkvalid: vector @m.xdut.xm10[id] is not available or has zero length.
Error: RHS "@m.xdut.xm10[id]" invalid
Error: no such device or model name m.xdut.xm23
Warning from checkvalid: vector @m.xdut.xm23[id] is not available or has zero length.
Error: RHS "@m.xdut.xm23[id]" invalid
Error: no such device or model name m.xdut.xm11
Warning from checkvalid: vector @m.xdut.xm11[id] is not available or has zero length.
Error: RHS "@m.xdut.xm11[id]" invalid
Warning from checkvalid: vector gm_m8 is not available or has zero length.
Warning from checkvalid: vector gm_m9 is not available or has zero length.
Warning from checkvalid: vector gm_m10 is not available or has zero length.
Warning from checkvalid: vector gm_m11 is not available or has zero length.
Warning from checkvalid: vector gm_m23 is not available or has zero length.
Warning from checkvalid: vector gds_m8 is not available or has zero length.
Warning from checkvalid: vector gds_m10 is not available or has zero length.
Warning from checkvalid: vector gds_m23 is not available or has zero length.
Warning from checkvalid: vector gds_m11 is not available or has zero length.
Warning from checkvalid: vector id_m8 is not available or has zero length.
Warning from checkvalid: vector id_m10 is not available or has zero length.
Warning from checkvalid: vector id_m23 is not available or has zero length.
Warning from checkvalid: vector id_m11 is not available or has zero length.
Note: Starting dynamic gmin stepping
Note: Dynamic gmin stepping completed
