Note: Starting dynamic gmin stepping
Note: Dynamic gmin stepping completed

Note: No compatibility mode selected!


Circuit: leung_nmcf_pin_3 gf180 ff ACDC

Doing analysis at TEMP = 27.000000 and TNOM = 27.000000

Using SPARSE 1.3 as Direct Linear Solver
 Reference value :  0.00000e+00Note: Starting dynamic gmin stepping
Note: Dynamic gmin stepping completed

No. of Data Rows : 1
v(opout) = 1.646141e+00
IDD_BEGIN
idd_op = 5.363253e-04
IDD_END
@m.x1.xm8.m0[gm] = 1.954734e-04
@m.x1.xm10.m0[gm] = 7.502491e-05
@m.x1.xm23.m0[gm] = 2.470681e-04
@m.x1.xm11.m0[gm] = 1.895392e-04
Doing analysis at TEMP = 27.000000 and TNOM = 27.000000

Using SPARSE 1.3 as Direct Linear Solver

No. of Data Rows : 361
dcgain_             =  1.08178e+02
ugf_hz              =  2.68571e+05
Note: Starting dynamic gmin stepping
Note: Dynamic gmin stepping completed
phase_at_ugf        =  8.65686e+01
cmrrdc              =  -8.90227e+01
dcpsrp              =  -8.86954e+01
dcpsrn              =  -8.73295e+01
METRICS_BEGIN
dcgain = 1.081776e+02
ugf_hz = 2.685709e+05
pm_deg = 8.656865e+01
cmrr_dc_db = 8.902267e+01
psrrp_dc_db = 8.869542e+01
psrrn_dc_db = 8.732952e+01
METRICS_END
Doing analysis at TEMP = 27.000000 and TNOM = 27.000000

Using SPARSE 1.3 as Direct Linear Solver
 Reference value :  1.00000e+00
No. of Data Rows : 161

No. of Data Rows : 1
Note: Simulation executed from .control section 
