
Note: No compatibility mode selected!


Circuit: * smoke se

Doing analysis at TEMP = 27.000000 and TNOM = 27.000000

Using SPARSE 1.3 as Direct Linear Solver

No. of Data Rows : 1
v(out) = 9.000000e-01
v(inp) = 9.010000e-01
v(inm) = 9.000000e-01
Doing analysis at TEMP = 27.000000 and TNOM = 27.000000

Using SPARSE 1.3 as Direct Linear Solver

No. of Data Rows : 1
	Node                                  Voltage
	----                                  -------
	----	-------
	out                              9.000000e-01
	x1.pole                          9.000000e-01
	x1.outi                          9.000000e-01
	inm                              9.000000e-01
	inp                              9.010000e-01
	vss                              0.000000e+00
	vdd                              1.800000e+00

	Source	Current
	------	-------

	vdd#branch                       0.000000e+00
	vss#branch                       0.000000e+00
	vinp#branch                      -1.00000e-11
	vinm#branch                      1.000000e-11
	b.x1.bclip#branch                0.000000e+00

 Capacitor models (Fixed capacitor)
      model                     C

        cap                     0
         cj                     0
       cjsw                     0
       defw                 1e-05
       defl                     0
     narrow                     0
      short                     0
        del                     0
        tc1                     0
        tc2                     0
         di                     0
      thick                     0
     bv_max                 1e+99

 Resistor models (Simple linear resistor)
      model                     R

        rsh                     0
     narrow                     0
      short                     0
        tc1                     0
        tc2                     0
        tce                     0
       defw                 1e-05
          l                 1e-05
         kf                     0
         af                     0
          r                     0
     bv_max                 1e+99
         lf                     1
         wf                     1
         ef                     1

 ASRC: Arbitrary Source 
     device            b.x1.bclip
      dtemp                     0
          i                     0
          v                   0.9
   pos_node                     5
   neg_node                     0

 Capacitor: Fixed capacitor
     device            c.x1.cpole
      model                     C
capacitance           1.59155e-06
      dtemp                     0
     bv_max                 1e+99
          i                     0
          p                     0

 Resistor: Simple linear resistor
     device             r.x1.rout            r.x1.rpole              r.x1.rin
      model                     R                     R                     R
 resistance                 10000                  1000                 1e+08
         ac                 10000                  1000                 1e+08
      dtemp                     0                     0                     0
     bv_max                 1e+99                 1e+99                 1e+99
      noisy                     1                     1                     1
          i                     0                     0                 1e-11
          p                     0                     0                 1e-14

 Vsource: Independent voltage source
     device                  vinm                  vinp                   vss
         dc                   0.9                 0.901                     0
      acmag                     0                     0                     0
      pulse         -         -         -
        sin         -         -         -
        exp         -         -         -
        pwl         -         -         -
       sffm         -         -         -
         am         -         -         -
    trnoise         -         -         -
   trrandom         -         -         -
    portnum                     0                     0                     0
         z0                     0                     0                     0
        pwr                     0                     0                     0
       freq                     0                     0                     0
      phase                     0                     0                     0
          i                 1e-11                -1e-11                     0
          p                 9e-12             -9.01e-12                     0

 Vsource: Independent voltage source
     device                   vdd
         dc                   1.8
      acmag                     0
      pulse         -
        sin         -
        exp         -
        pwl         -
       sffm         -
         am         -
    trnoise         -
   trrandom         -
    portnum                     0
         z0                     0
        pwr                     0
       freq                     0
      phase                     0
          i                     0
          p                     0


Total analysis time (seconds) = 0.00360471

Total elapsed time (seconds) = 0.088 

Total DRAM available = 31918.348 MB.
DRAM currently available = 31004.523 MB.
Maximum ngspice program size =   23.266 MB.
Current ngspice program size =   12.707 MB.

Shared ngspice pages =   10.734 MB.
Text (code) pages =    5.891 MB.
Stack = 0 bytes.
Library pages =    2.090 MB.

