Note: Starting dynamic gmin stepping
Note: Dynamic gmin stepping completed

Note: No compatibility mode selected!


Circuit: leung_nmcf_pin_3 ihp mos_ff ACDC

Doing analysis at TEMP = 27.000000 and TNOM = 27.000000

Using SPARSE 1.3 as Direct Linear Solver
 Reference value :  0.00000e+00Note: Starting dynamic gmin stepping
Note: Dynamic gmin stepping completed

No. of Data Rows : 1
v(opout) = 6.002067e-01
v(opout_dc) = 6.002067e-01
v(vout6) = 6.002067e-01
GM_BEGIN
@n.x1.xm8.nsg13_lv_pmos[gm] = 3.898718e-04
@n.x1.xm9.nsg13_lv_pmos[gm] = 3.909778e-04
@n.x1.xm10.nsg13_lv_pmos[gm] = 1.910689e-04
@n.x1.xm23.nsg13_lv_nmos[gm] = 4.440376e-04
@n.x1.xm11.nsg13_lv_pmos[gm] = 3.719327e-04
@n.x1.xm8.nsg13_lv_pmos[gds] = 1.718419e-06
@n.x1.xm10.nsg13_lv_pmos[gds] = 2.445576e-07
@n.x1.xm23.nsg13_lv_nmos[gds] = 7.987013e-06
@n.x1.xm22.nsg13_lv_nmos[gds] = 1.463014e-05
@n.x1.xm6.nsg13_lv_pmos[gds] = 5.687526e-07
@n.x1.xm8.nsg13_lv_pmos[ids] = 1.935292e-05
@n.x1.xm10.nsg13_lv_pmos[ids] = 1.002096e-05
@n.x1.xm23.nsg13_lv_nmos[ids] = 1.868298e-05
@n.x1.xm11.nsg13_lv_pmos[ids] = 1.868295e-05
GM_END
IDD_BEGIN
idd_op = 5.084542e-04
IDD_END
Doing analysis at TEMP = 27.000000 and TNOM = 27.000000

Using SPARSE 1.3 as Direct Linear Solver
 Reference value :  1.00000e+00
No. of Data Rows : 361
dcgain_             =  1.02976e+02
ugf_hz              =  6.59529e+05
Note: Starting dynamic gmin stepping
Note: Dynamic gmin stepping completed
phase_at_ugf        =  8.13165e+01
cmrrdc              =  -6.82276e+01
dcpsrp              =  -6.73269e+01
dcpsrn              =  -8.61489e+01
METRICS_BEGIN
dcgain = 1.029762e+02
ugf_hz = 6.595294e+05
pm_deg = 8.131648e+01
cmrr_dc_db = 6.822764e+01
psrrp_dc_db = 6.732690e+01
psrrn_dc_db = 8.614891e+01
METRICS_END
Doing analysis at TEMP = 27.000000 and TNOM = 27.000000

Using SPARSE 1.3 as Direct Linear Solver
 Reference value :  1.00000e+00
No. of Data Rows : 161

No. of Data Rows : 1
Note: Simulation executed from .control section 
