Note: Starting dynamic gmin stepping
Note: Dynamic gmin stepping completed

Note: No compatibility mode selected!


Circuit: leung_nmcf_pin_3 ihp mos_tt ACDC

Doing analysis at TEMP = 27.000000 and TNOM = 27.000000

Using SPARSE 1.3 as Direct Linear Solver
 Reference value :  0.00000e+00Note: Starting dynamic gmin stepping
Note: Dynamic gmin stepping completed

No. of Data Rows : 1
v(opout) = 6.002287e-01
v(opout_dc) = 6.002287e-01
v(vout6) = 6.002287e-01
GM_BEGIN
@n.x1.xm8.nsg13_lv_pmos[gm] = 3.819890e-04
@n.x1.xm9.nsg13_lv_pmos[gm] = 3.831850e-04
@n.x1.xm10.nsg13_lv_pmos[gm] = 1.900983e-04
@n.x1.xm23.nsg13_lv_nmos[gm] = 4.358466e-04
@n.x1.xm11.nsg13_lv_pmos[gm] = 3.663821e-04
@n.x1.xm8.nsg13_lv_pmos[gds] = 1.613886e-06
@n.x1.xm10.nsg13_lv_pmos[gds] = 2.582651e-07
@n.x1.xm23.nsg13_lv_nmos[gds] = 8.145181e-06
@n.x1.xm22.nsg13_lv_nmos[gds] = 1.456075e-05
@n.x1.xm6.nsg13_lv_pmos[gds] = 4.923747e-07
@n.x1.xm8.nsg13_lv_pmos[ids] = 1.894229e-05
@n.x1.xm10.nsg13_lv_pmos[ids] = 1.010215e-05
@n.x1.xm23.nsg13_lv_nmos[ids] = 1.848148e-05
@n.x1.xm11.nsg13_lv_pmos[ids] = 1.848146e-05
GM_END
IDD_BEGIN
idd_op = 5.041758e-04
IDD_END
Doing analysis at TEMP = 27.000000 and TNOM = 27.000000

Using SPARSE 1.3 as Direct Linear Solver
 Reference value :  1.00000e+00
No. of Data Rows : 361
dcgain_             =  1.02579e+02
ugf_hz              =  6.39938e+05
Note: Starting dynamic gmin stepping
Note: Dynamic gmin stepping completed
phase_at_ugf        =  8.13839e+01
cmrrdc              =  -6.24732e+01
dcpsrp              =  -6.16631e+01
dcpsrn              =  -8.18563e+01
METRICS_BEGIN
dcgain = 1.025788e+02
ugf_hz = 6.399383e+05
pm_deg = 8.138388e+01
cmrr_dc_db = 6.247325e+01
psrrp_dc_db = 6.166312e+01
psrrn_dc_db = 8.185630e+01
METRICS_END
Doing analysis at TEMP = 27.000000 and TNOM = 27.000000

Using SPARSE 1.3 as Direct Linear Solver
 Reference value :  1.00000e+00
No. of Data Rows : 161

No. of Data Rows : 1
Note: Simulation executed from .control section 
