Note: Starting dynamic gmin stepping
Note: Dynamic gmin stepping completed

Note: No compatibility mode selected!


Circuit: leung_nmcf_pin_3 ihp mos_ss ACDC

Doing analysis at TEMP = 27.000000 and TNOM = 27.000000

Using SPARSE 1.3 as Direct Linear Solver
 Reference value :  0.00000e+00Note: Starting dynamic gmin stepping
Note: Dynamic gmin stepping completed

No. of Data Rows : 1
v(opout) = 6.002779e-01
v(opout_dc) = 6.002779e-01
v(vout6) = 6.002779e-01
GM_BEGIN
@n.x1.xm8.nsg13_lv_pmos[gm] = 3.701993e-04
@n.x1.xm9.nsg13_lv_pmos[gm] = 3.716243e-04
@n.x1.xm10.nsg13_lv_pmos[gm] = 1.895643e-04
@n.x1.xm23.nsg13_lv_nmos[gm] = 4.341354e-04
@n.x1.xm11.nsg13_lv_pmos[gm] = 3.657147e-04
@n.x1.xm8.nsg13_lv_pmos[gds] = 1.491423e-06
@n.x1.xm10.nsg13_lv_pmos[gds] = 2.746399e-07
@n.x1.xm23.nsg13_lv_nmos[gds] = 8.411883e-06
@n.x1.xm22.nsg13_lv_nmos[gds] = 1.453098e-05
@n.x1.xm6.nsg13_lv_pmos[gds] = 4.621298e-07
@n.x1.xm8.nsg13_lv_pmos[ids] = 1.819811e-05
@n.x1.xm10.nsg13_lv_pmos[ids] = 1.019816e-05
@n.x1.xm23.nsg13_lv_nmos[ids] = 1.857978e-05
@n.x1.xm11.nsg13_lv_pmos[ids] = 1.857978e-05
GM_END
IDD_BEGIN
idd_op = 5.004849e-04
IDD_END
Doing analysis at TEMP = 27.000000 and TNOM = 27.000000

Using SPARSE 1.3 as Direct Linear Solver
 Reference value :  1.00000e+00
No. of Data Rows : 361
dcgain_             =  1.01509e+02
ugf_hz              =  6.14882e+05
Note: Starting dynamic gmin stepping
Note: Dynamic gmin stepping completed
phase_at_ugf        =  8.16057e+01
cmrrdc              =  -5.36260e+01
dcpsrp              =  -5.31094e+01
dcpsrn              =  -7.73389e+01
METRICS_BEGIN
dcgain = 1.015092e+02
ugf_hz = 6.148823e+05
pm_deg = 8.160572e+01
cmrr_dc_db = 5.362597e+01
psrrp_dc_db = 5.310942e+01
psrrn_dc_db = 7.733894e+01
METRICS_END
Doing analysis at TEMP = 27.000000 and TNOM = 27.000000

Using SPARSE 1.3 as Direct Linear Solver
 Reference value :  1.00000e+00
No. of Data Rows : 161

No. of Data Rows : 1
Note: Simulation executed from .control section 
