Note: Starting dynamic gmin stepping
Note: Dynamic gmin stepping completed

Note: No compatibility mode selected!


Circuit: leung_nmcf_pin_3 ihp mos_tt OP probe

Doing analysis at TEMP = 27.000000 and TNOM = 27.000000

Using SPARSE 1.3 as Direct Linear Solver
 Reference value :  0.00000e+00
No. of Data Rows : 1
v(opout) = 6.002287e-01
v(opout_dc) = 6.002287e-01
i(vdd) = -1.26044e-04
SHOW_BEGIN
 PSP103VA: A simulator independent device loaded with OSDI
     device n.x1.xm8.nsg13_lv_pmo
      model x1.xm8:sg13g2_lv_pmos
   _mfactor                     1
          m                     1
          l               5.2e-07
          w               8.7e-06
         sa                     0
         sb                     0
         sd                     0
        sca                     0
        scb                     0
        scc                     0
         sc                     0
         nf                     1
      ngcon                     2
        xgw                 1e-07
        nrs                     0
        nrd                     0
         jw                 1e-06
     delvto                     0
     factuo                     1
 delvtoedge                     0
 factuoedge                     1
   absource                 1e-12
   lssource                 1e-06
   lgsource                 1e-06
    abdrain                 1e-12
    lsdrain                 1e-06
    lgdrain                 1e-06
         as             2.958e-12
         ps             1.808e-05
         ad             2.958e-12
         pd             1.808e-05
       mult                     6
      trise                     0
      dtemp                     0
        dta                     0
    ifactor                     1
    cfactor                     1
      ctype                    -1
      sdint                     1
        ise          -1.89423e-05
        ige           8.43853e-12
        ide           1.89423e-05
        ibe          -9.24504e-13
        ids           1.89423e-05
        idb           9.24504e-13
        isb                     0
        igs           1.39959e-11
        igd          -5.55742e-12
        igb           6.73947e-22
     idedge                     0
       igcs           3.08353e-12
       igcd             2.973e-12
       iavl           3.06261e-15
      igisl                     0
      igidl           2.38218e-22
        ijs                     0
     ijsbot                     0
     ijsgat                     0
     ijssti                     0
        ijd          -9.21441e-13
     ijdbot           -2.3262e-16
     ijdgat          -9.20515e-13
     ijdsti          -6.93197e-16
        vds              0.863242
        vgs              0.395809
        vsb                    -0
        vto              0.363474
        vts              0.363472
        vth              0.362956
        vgt             0.0328527
       vdss              0.123315
       vsat              0.739927
         gm           0.000381989
        gmb           7.13217e-05
        gds           1.61389e-06
        gjs          -1.71785e-12
        gjd          -1.03716e-12
        cdd           1.45078e-17
        cdg           3.71983e-14
        cds          -4.38592e-14
        cdb           6.67533e-15
        cgd          -4.08604e-17
        cgg           1.35168e-13
        cgs            1.0181e-13
        cgb           3.33985e-14
        csd           2.49313e-17
        csg           6.27335e-14
        css            7.4045e-14
        csb           1.12865e-14
        cbd           3.04368e-17
        cbg           3.52361e-14
        cbs           1.60937e-14
        cbb           5.13603e-14
      cgsol           2.66175e-14
      cgdol           2.32216e-14
        cjs           1.90523e-14
     cjsbot           1.57473e-14
     cjsgat           1.46657e-15
     cjssti           1.83838e-15
        cjd           1.44579e-14
     cjdbot           1.17728e-14
     cjdgat           1.05709e-15
     cjdsti             1.628e-15
       weff              8.67e-06
       leff           5.60032e-07
          u               236.689
       rout                619623
     vearly               11.7371
       beff             0.0351012
        fug           3.28611e+08
         rg             0.0313773
        sfl           2.65361e-18
    sqrtsff           1.34855e-07
    sqrtsfw           7.43386e-09
        sid           8.06363e-24
        sig           5.71865e-36
      cigid               0.50453
      fknee                329084
       sigs           4.48484e-30
       sigd           3.68613e-30
      siavl           9.81378e-34
        ssi                     0
        sdi           2.95265e-31
    sfledge                     0
    sidedge                     0
     lp_vfb             -0.869312
   lp_stvfb           0.000756246
  lp_st2vfb                     0
     lp_tox            1.9704e-09
  lp_epsrox                   3.9
    lp_neff           4.50045e+23
lp_facneffa                     1
 lp_gfacnud                     1
  lp_vsbnud                     0
 lp_dvsbnud                     1
   lp_vnsub                     0
    lp_nslp                  0.05
   lp_dnsub              0.039707
   lp_dphib            -0.0892853
 lp_delvtac                     0
      lp_np           1.05239e+26
   lp_toxov            1.9704e-09
  lp_toxovd            1.9704e-09
     lp_nov             3.104e+25
    lp_novd             3.104e+25
      lp_ct             0.0323508
     lp_ctg                     0
     lp_ctb                     0
    lp_stct                     1
      lp_cf           0.000652717
    lp_cfac           0.000652717
     lp_cfd                     0
     lp_cfb               0.57877
    lp_psce                     0
   lp_psceb                     0
   lp_psced                     0
    lp_betn              0.423642
   lp_stbet               1.62957
     lp_mue               2.31352
   lp_stmue               0.84805
   lp_themu               1.26159
 lp_stthemu             4.441e-15
      lp_cs               1.79199
    lp_stcs                1.0269
   lp_thecs                1.4566
 lp_stthecs                     0
    lp_xcor              0.111368
  lp_stxcor            2.7756e-17
    lp_feta                     1
      lp_rs               61.4631
    lp_strs               -0.3508
     lp_rsb                  0.06
     lp_rsg                 0.495
  lp_thesat              0.130598
lp_thesatac              0.130598
lp_stthesat               9.23328
 lp_thesatb                     0
 lp_thesatg                     0
      lp_ax               4.01624
    lp_axac               4.01624
     lp_alp             0.0075479
   lp_alpac             0.0075479
    lp_alp1            0.00579274
    lp_alp2            0.00615527
      lp_vp            7.3803e-06
      lp_a1            0.00207585
      lp_a2                 13.33
    lp_sta2                     2
      lp_a3               1.29662
      lp_a4                     0
     lp_gco               0.01231
   lp_iginv               23571.4
    lp_igov                290.55
   lp_igovd                290.55
    lp_stig                2.3506
     lp_gc2               0.54762
     lp_gc3              -0.29543
   lp_gc2ov               0.54762
   lp_gc3ov              -0.29543
    lp_chib                   3.1
   lp_agidl            1.6139e-05
  lp_agidld            1.6139e-05
   lp_bgidl                 15.12
  lp_bgidld                 15.12
 lp_stbgidl            -0.0014941
lp_stbgidld            -0.0014941
   lp_cgidl               0.02068
  lp_cgidld               0.02068
     lp_cox           7.06399e-14
    lp_cgov           3.84378e-15
   lp_cgovd           3.84378e-15
lp_fcgovacc                     0
lp_fcgovacc                     0
lp_cgovaccg                     1
   lp_cgbov           1.12496e-17
    lp_cinr                     0
   lp_cinrd                     0
 lp_dvfbinr                     0
lp_fcinrdep                   0.3
lp_fcinracc                   0.5
   lp_axinr                   0.5
     lp_cfr             8.715e-16
    lp_cfrd             8.715e-16
     lp_fnt                  1.85
  lp_fntexc                     0
     lp_nfa           4.91376e+25
     lp_nfb           1.27304e+08
     lp_nfc            1.2548e-07
      lp_ef                     1
 lp_vfbedge                     0
lp_stvfbedg                0.0005
lp_dphibedg                     0
lp_neffedge                 5e+23
  lp_ctedge                     0
lp_betnedge                     0
lp_stbetedg                     1
lp_psceedge                     0
lp_pscebedg                     0
lp_pscededg                     0
  lp_cfedge                     0
 lp_cfdedge                     0
 lp_cfbedge                     0
 lp_fntedge                     1
 lp_nfaedge           7.14245e+24
 lp_nfbedge           2.67842e+09
 lp_nfcedge                     0
  lp_efedge                     1
      lp_rg              0.188264
     lp_rse                     0
     lp_rde                     0
   lp_rbulk                     0
   lp_rwell                     0
   lp_rjuns                     0
   lp_rjund                     0
         tk                300.15
    cjosbot           1.53988e-14
    cjossti           1.79769e-15
    cjosgat           1.43411e-15
    vbisbot              0.757443
    vbissti               1.71938
    vbisgat                1.3916
  idsatsbot           1.33967e-18
  idsatssti            1.3069e-19
  idsatsgat                     0
   cjosbotd           1.53988e-14
   cjosstid           1.79769e-15
   cjosgatd           1.43411e-15
   vbisbotd              0.757443
   vbisstid               1.71938
   vbisgatd                1.3916
 idsatsbotd           1.33967e-18
 idsatsstid            1.3069e-19
 idsatsgatd                     0

 PSP103VA: A simulator independent device loaded with OSDI
     device n.x1.xm10.nsg13_lv_pm
      model x1.xm10:sg13g2_lv_pmo
   _mfactor                     1
          m                     1
          l              2.05e-06
          w                 3e-06
         sa                     0
         sb                     0
         sd                     0
        sca                     0
        scb                     0
        scc                     0
         sc                     0
         nf                     1
      ngcon                     2
        xgw                 1e-07
        nrs                     0
        nrd                     0
         jw                 1e-06
     delvto                     0
     factuo                     1
 delvtoedge                     0
 factuoedge                     1
   absource                 1e-12
   lssource                 1e-06
   lgsource                 1e-06
    abdrain                 1e-12
    lsdrain                 1e-06
    lgdrain                 1e-06
         as              1.02e-12
         ps              6.68e-06
         ad              1.02e-12
         pd              6.68e-06
       mult                    27
      trise                     0
      dtemp                     0
        dta                     0
    ifactor                     1
    cfactor                     1
      ctype                    -1
      sdint                     1
        ise          -1.01022e-05
        ige           3.48546e-11
        ide           1.01022e-05
        ibe          -1.68817e-12
        ids           1.01022e-05
        idb           1.68817e-12
        isb                     0
        igs           3.63884e-11
        igd          -1.53381e-12
        igb           4.04615e-21
     idedge                     0
       igcs           1.97918e-11
       igcd           1.89622e-11
       iavl           1.30132e-14
      igisl                     0
      igidl             8.995e-18
        ijs                     0
     ijsbot                     0
     ijsgat                     0
     ijssti                     0
        ijd          -1.67515e-12
     ijdbot          -4.08303e-16
     ijdgat          -1.67334e-12
     ijdsti          -1.39841e-15
        vds                1.0229
        vgs              0.392679
        vsb                    -0
        vto              0.345916
        vts              0.345914
        vth              0.345902
        vgt             0.0467767
       vdss              0.124765
       vsat              0.898134
         gm           0.000190098
        gmb            3.5581e-05
        gds           2.58265e-07
        gjs          -2.64853e-12
        gjd          -1.58962e-12
        cdd           8.05908e-17
        cdg           2.83048e-13
        cds          -3.32854e-13
        cdb           4.98862e-14
        cgd           9.01764e-17
        cgg           9.66613e-13
        cgs           7.59937e-13
        cgb           2.06586e-13
        csd           -2.8576e-17
        csg           4.62799e-13
        css           5.44551e-13
        csb           8.17802e-14
        cbd           1.89904e-17
        cbg           2.20766e-13
        cbs           1.17467e-13
        cbb           3.38252e-13
      cgsol           4.12082e-14
      cgdol           3.48226e-14
        cjs           2.99579e-14
     cjsbot           2.44355e-14
     cjsgat           2.26075e-15
     cjssti           3.26161e-15
        cjd           2.20431e-14
     cjdbot           1.76428e-14
     cjdgat           1.55771e-15
     cjdsti           2.84265e-15
       weff              2.97e-06
       leff           2.09482e-06
          u               736.059
       rout           3.87199e+06
     vearly               39.1155
       beff             0.0092339
        fug           2.90177e+07
         rg            0.00575469
        sfl           1.19473e-19
    sqrtsff           5.74986e-08
    sqrtsfw           1.07069e-08
        sid           4.14268e-24
        sig           6.31396e-34
      cigid               0.49723
      fknee               28839.6
       sigs           1.16602e-29
       sigd           1.26439e-29
      siavl           4.16994e-33
        ssi                     0
        sdi           5.36783e-31
    sfledge                     0
    sidedge                     0
     lp_vfb             -0.879666
   lp_stvfb           0.000754409
  lp_st2vfb                     0
     lp_tox            1.9704e-09
  lp_epsrox                   3.9
    lp_neff           4.49097e+23
lp_facneffa                     1
 lp_gfacnud                     1
  lp_vsbnud                     0
 lp_dvsbnud                     1
   lp_vnsub                     0
    lp_nslp                  0.05
   lp_dnsub              0.039707
   lp_dphib            -0.0898911
 lp_delvtac                     0
      lp_np           1.21175e+26
   lp_toxov            1.9704e-09
  lp_toxovd            1.9704e-09
     lp_nov             3.104e+25
    lp_novd             3.104e+25
      lp_ct            0.00528457
     lp_ctg                     0
     lp_ctb                     0
    lp_stct                     1
      lp_cf           1.18689e-05
    lp_cfac           1.18689e-05
     lp_cfd                     0
     lp_cfb               0.57877
    lp_psce                     0
   lp_psceb                     0
   lp_psced                     0
    lp_betn             0.0345048
   lp_stbet               1.67686
     lp_mue                2.2769
   lp_stmue               0.84805
   lp_themu               1.26159
 lp_stthemu             4.441e-15
      lp_cs               1.01321
    lp_stcs                1.0269
   lp_thecs                1.4566
 lp_stthecs                     0
    lp_xcor             0.0950543
  lp_stxcor            2.7756e-17
    lp_feta                     1
      lp_rs               175.874
    lp_strs               -0.3508
     lp_rsb                  0.06
     lp_rsg                 0.495
  lp_thesat             0.0938586
lp_thesatac             0.0938586
lp_stthesat               11.7904
 lp_thesatb                     0
 lp_thesatg                     0
      lp_ax               6.40595
    lp_axac               6.40595
     lp_alp            0.00235193
   lp_alpac            0.00235193
    lp_alp1            0.00245528
    lp_alp2            0.00448787
      lp_vp            7.3803e-06
      lp_a1            0.00121994
      lp_a2                 13.33
    lp_sta2                     2
      lp_a3               1.46245
      lp_a4                     0
     lp_gco               0.01231
   lp_iginv               30799.3
    lp_igov               99.5308
   lp_igovd               99.5308
    lp_stig                2.3506
     lp_gc2               0.54762
     lp_gc3              -0.29543
   lp_gc2ov               0.54762
   lp_gc3ov              -0.29543
    lp_chib                   3.1
   lp_agidl           5.52857e-06
  lp_agidld           5.52857e-06
   lp_bgidl                 15.12
  lp_bgidld                 15.12
 lp_stbgidl            -0.0014941
lp_stbgidld            -0.0014941
   lp_cgidl               0.02068
  lp_cgidld               0.02068
     lp_cox           1.04567e-13
    lp_cgov           1.32109e-15
   lp_cgovd           1.32109e-15
lp_fcgovacc                     0
lp_fcgovacc                     0
lp_cgovaccg                     1
   lp_cgbov           4.47999e-17
    lp_cinr                     0
   lp_cinrd                     0
 lp_dvfbinr                     0
lp_fcinrdep                   0.3
lp_fcinracc                   0.5
   lp_axinr                   0.5
     lp_cfr             3.015e-16
    lp_cfrd             3.015e-16
     lp_fnt                  1.85
  lp_fntexc                     0
     lp_nfa           3.62341e+25
     lp_nfb           9.38741e+07
     lp_nfc            9.2529e-08
      lp_ef                     1
 lp_vfbedge                     0
lp_stvfbedg                0.0005
lp_dphibedg                     0
lp_neffedge                 5e+23
  lp_ctedge                     0
lp_betnedge                     0
lp_stbetedg                     1
lp_psceedge                     0
lp_pscebedg                     0
lp_pscededg                     0
  lp_cfedge                     0
 lp_cfdedge                     0
 lp_cfbedge                     0
 lp_fntedge                     1
 lp_nfaedge           1.90948e+24
 lp_nfbedge           7.16053e+08
 lp_nfcedge                     0
  lp_efedge                     1
      lp_rg              0.155377
     lp_rse                     0
     lp_rde                     0
   lp_rbulk                     0
   lp_rwell                     0
   lp_rjuns                     0
   lp_rjund                     0
         tk                300.15
    cjosbot           2.38948e-14
    cjossti           3.18943e-15
    cjosgat           2.21071e-15
    vbisbot              0.757443
    vbissti               1.71938
    vbisgat                1.3916
  idsatsbot            2.0788e-18
  idsatssti           2.31866e-19
  idsatsgat                     0
   cjosbotd           2.38948e-14
   cjosstid           3.18943e-15
   cjosgatd           2.21071e-15
   vbisbotd              0.757443
   vbisstid               1.71938
   vbisgatd                1.3916
 idsatsbotd            2.0788e-18
 idsatsstid           2.31866e-19
 idsatsgatd                     0

 PSP103VA: A simulator independent device loaded with OSDI
     device n.x1.xm23.nsg13_lv_nm
      model x1.xm23:sg13g2_lv_nmo
   _mfactor                     1
          m                     1
          l              3.58e-06
          w               9.8e-06
         sa                     0
         sb                     0
         sd                     0
        sca                     0
        scb                     0
        scc                     0
         sc                     0
         nf                     1
      ngcon                     2
        xgw                 1e-07
        nrs                     0
        nrd                     0
         jw                 1e-06
     delvto                     0
     factuo                     1
 delvtoedge                     0
 factuoedge                     1
   absource                 1e-12
   lssource                 1e-06
   lgsource                 1e-06
    abdrain                 1e-12
    lsdrain                 1e-06
    lgdrain                 1e-06
         as             3.332e-12
         ps             2.028e-05
         ad             3.332e-12
         pd             2.028e-05
       mult                    17
      trise                     0
      dtemp                     0
        dta                     0
    ifactor                     1
    cfactor                     1
      ctype                     1
      sdint                     1
        ise          -1.84815e-05
        ige           1.43768e-11
        ide           1.84815e-05
        ibe          -1.02902e-13
        ids           1.84815e-05
        idb           1.02902e-13
        isb                     0
        igs           1.01687e-11
        igd           4.20809e-12
        igb           2.82291e-21
     idedge                     0
       igcs           9.75008e-12
       igcd           9.43795e-12
       iavl           5.92597e-18
      igisl                     0
      igidl           3.05371e-31
        ijs                     0
     ijsbot                     0
     ijsgat                     0
     ijssti                     0
        ijd          -1.02896e-13
     ijdbot          -5.73242e-16
     ijdgat          -9.36472e-14
     ijdsti          -8.67592e-15
        vds              0.600229
        vgs               0.18858
        vsb                     0
        vto              0.184418
        vts              0.184416
        vth              0.184416
        vgt            0.00416412
       vdss              0.115748
       vsat               0.48448
         gm           0.000435847
        gmb           5.45454e-05
        gds           8.14518e-06
        gjs           3.09103e-13
        gjd           1.51821e-13
        cdd           2.02719e-16
        cdg           5.24158e-13
        cds          -5.92289e-13
        cdb            6.8334e-14
        cgd           2.64679e-16
        cgg           2.08825e-12
        cgs           1.48219e-12
        cgb           6.05796e-13
        csd          -9.15208e-17
        csg           9.24158e-13
        css           1.04465e-12
        csb           1.20579e-13
        cbd            2.9561e-17
        cbg           6.39938e-13
        cbs           1.54741e-13
        cbb           7.94709e-13
      cgsol           1.02461e-13
      cgdol           9.63139e-14
        cjs           6.62978e-14
     cjsbot           5.66129e-14
     cjsgat           5.08218e-15
     cjssti           4.60274e-15
        cjd           5.43184e-14
     cjdbot           4.60719e-14
     cjdgat           4.35767e-15
     cjdsti           3.88885e-15
       weff              9.82e-06
       leff           3.52115e-06
          u               53.5098
       rout                122772
     vearly               2.26901
       beff               2.13167
        fug           3.03307e+07
         rg             0.0218383
        sfl           5.86498e-20
    sqrtsff           1.75711e-08
    sqrtsfw           5.07817e-09
        sid           4.89872e-24
        sig           5.01078e-34
      cigid              0.530274
      fknee               11972.5
       sigs           3.25845e-30
       sigd           4.70012e-30
      siavl           1.89891e-36
        ssi                     0
        sdi           3.29719e-32
    sfledge                     0
    sidedge                     0
     lp_vfb             -0.941786
   lp_stvfb           0.000694091
  lp_st2vfb                     0
     lp_tox            2.2404e-09
  lp_epsrox                   3.9
    lp_neff           1.89591e+23
lp_facneffa                     1
 lp_gfacnud                     1
  lp_vsbnud                     0
 lp_dvsbnud                     1
   lp_vnsub                     0
    lp_nslp                  0.05
   lp_dnsub            4.4409e-16
   lp_dphib            -0.0400941
 lp_delvtac                     0
      lp_np            4.6457e+26
   lp_toxov            2.2404e-09
  lp_toxovd            2.2404e-09
     lp_nov            3.5714e+25
    lp_novd            3.5714e+25
      lp_ct             0.0601553
     lp_ctg                     0
     lp_ctb                     0
    lp_stct                     1
      lp_cf           5.91149e-10
    lp_cfac           5.91149e-10
     lp_cfd                     0
     lp_cfb                0.6952
    lp_psce                     0
   lp_psceb                     0
   lp_psced                     0
    lp_betn              0.126727
   lp_stbet               2.40665
     lp_mue              0.780826
   lp_stmue               0.98971
   lp_themu               1.79921
 lp_stthemu             4.441e-15
      lp_cs              0.352762
    lp_stcs                2.9406
   lp_thecs                1.1822
 lp_stthecs                     0
    lp_xcor             0.0516019
  lp_stxcor                     2
    lp_feta                     1
      lp_rs               9.53157
    lp_strs              -0.49693
     lp_rsb             -0.099725
     lp_rsg              0.074518
  lp_thesat              0.500679
lp_thesatac              0.500679
lp_stthesat               2.74596
 lp_thesatb               0.08213
 lp_thesatg                0.1146
      lp_ax               10.5074
    lp_axac               10.5074
     lp_alp            0.00415977
   lp_alpac            0.00415977
    lp_alp1             0.0151817
    lp_alp2               1.93173
      lp_vp               0.32224
      lp_a1               6.29781
      lp_a2                 17.75
    lp_sta2              0.068723
      lp_a3              0.695923
      lp_a4               0.04649
     lp_gco                    10
   lp_iginv           4.47432e+06
    lp_igov               874.545
   lp_igovd               874.545
    lp_stig                2.9949
     lp_gc2                0.8413
     lp_gc3               -0.4698
   lp_gc2ov                0.8413
   lp_gc3ov               -0.4698
    lp_chib                   3.1
   lp_agidl           0.000364635
  lp_agidld           0.000364635
   lp_bgidl                 19.92
  lp_bgidld                 19.92
 lp_stbgidl                     0
lp_stbgidld                     0
   lp_cgidl               0.06641
  lp_cgidld               0.06641
     lp_cox            5.3033e-13
    lp_cgov           4.44881e-15
   lp_cgovd           4.44881e-15
lp_fcgovacc                     0
lp_fcgovacc                     0
lp_cgovaccg                     1
   lp_cgbov           1.58375e-27
    lp_cinr                     0
   lp_cinrd                     0
 lp_dvfbinr                     0
lp_fcinrdep                   0.3
lp_fcinracc                   0.5
   lp_axinr                   0.5
     lp_cfr             1.958e-15
    lp_cfrd             1.958e-15
     lp_fnt                     1
  lp_fntexc                     0
     lp_nfa            2.1186e+24
     lp_nfb            2.8541e+07
     lp_nfc                     0
      lp_ef                     1
 lp_vfbedge                     0
lp_stvfbedg                0.0005
lp_dphibedg                     0
lp_neffedge                 5e+23
  lp_ctedge                     0
lp_betnedge                     0
lp_stbetedg                     1
lp_psceedge                     0
lp_pscebedg                     0
lp_pscededg                     0
  lp_cfedge                     0
 lp_cfdedge                     0
 lp_cfbedge                     0
 lp_fntedge                     1
 lp_nfaedge           1.13599e+24
 lp_nfbedge           4.25997e+08
 lp_nfcedge                     0
  lp_efedge                     1
      lp_rg              0.371252
     lp_rse                     0
     lp_rde                     0
   lp_rbulk                     0
   lp_rwell                     0
   lp_rjuns                     0
   lp_rjund                     0
         tk                300.15
    cjosbot           5.55652e-14
    cjossti           4.51757e-15
    cjosgat           4.98813e-15
    vbisbot              0.697746
    vbissti              0.779354
    vbisgat               2.01486
  idsatsbot           9.39121e-18
  idsatssti           1.11537e-18
  idsatsgat                     0
   cjosbotd           5.55652e-14
   cjosstid           4.51757e-15
   cjosgatd           4.98813e-15
   vbisbotd              0.697746
   vbisstid              0.779354
   vbisgatd               2.01486
 idsatsbotd           9.39121e-18
 idsatsstid           1.11537e-18
 idsatsgatd                     0

 PSP103VA: A simulator independent device loaded with OSDI
     device n.x1.xm11.nsg13_lv_pm
      model x1.xm11:sg13g2_lv_pmo
   _mfactor                     1
          m                     1
          l               6.7e-07
          w              1.45e-06
         sa                     0
         sb                     0
         sd                     0
        sca                     0
        scb                     0
        scc                     0
         sc                     0
         nf                     1
      ngcon                     2
        xgw                 1e-07
        nrs                     0
        nrd                     0
         jw                 1e-06
     delvto                     0
     factuo                     1
 delvtoedge                     0
 factuoedge                     1
   absource                 1e-12
   lssource                 1e-06
   lgsource                 1e-06
    abdrain                 1e-12
    lsdrain                 1e-06
    lgdrain                 1e-06
         as              4.93e-13
         ps              3.58e-06
         ad              4.93e-13
         pd              3.58e-06
       mult                    40
      trise                     0
      dtemp                     0
        dta                     0
    ifactor                     1
    cfactor                     1
      ctype                    -1
      sdint                     1
        ise          -1.84815e-05
        ige           1.57182e-11
        ide           1.84815e-05
        ibe          -7.06996e-13
        ids           1.84815e-05
        idb           7.06996e-13
        isb                     0
        igs           1.58581e-11
        igd          -1.39889e-13
        igb           8.98026e-22
     idedge                     0
       igcs            4.1024e-12
       igcd           3.95069e-12
       iavl           2.21746e-18
      igisl                     0
      igidl           5.17376e-43
        ijs                     0
     ijsbot                     0
     ijsgat                     0
     ijssti                     0
        ijd          -7.06994e-13
     ijdbot          -1.97738e-16
     ijdgat          -7.05995e-13
     ijdsti          -8.01498e-16
        vds              0.599771
        vgs              0.392679
        vsb                    -0
        vto              0.356967
        vts              0.356964
        vth              0.356801
        vgt             0.0358782
       vdss              0.123544
       vsat              0.476227
         gm           0.000366382
        gmb           6.79337e-05
        gds           1.68593e-06
        gjs          -1.87651e-12
        gjd          -1.13887e-12
        cdd           4.52718e-17
        cdg           5.62624e-14
        cds          -6.61815e-14
        cdb           9.96434e-15
        cgd           1.42395e-17
        cgg            2.0021e-13
        cgs           1.52784e-13
        cgb            4.7412e-14
        csd             3.251e-18
        csg           9.36989e-14
        css           1.10339e-13
        csb           1.66366e-14
        cbd           2.77813e-17
        cbg           5.02489e-14
        cbs           2.37362e-14
        cbb           7.40129e-14
      cgsol           2.94109e-14
      cgdol           2.69953e-14
        cjs           2.19116e-14
     cjsbot            1.7497e-14
     cjsgat           1.60133e-15
     cjssti           2.81325e-15
        cjd           1.77938e-14
     cjdbot           1.39756e-14
     cjdgat            1.2532e-15
     cjdsti           2.56494e-15
       weff              1.42e-06
       leff           7.11467e-07
          u               217.318
       rout                593145
     vearly               10.9622
       beff             0.0287148
        fug           2.27232e+08
         rg             0.0226272
        sfl           1.82537e-18
    sqrtsff           1.16611e-07
    sqrtsfw           7.63094e-09
        sid           7.81673e-24
        sig           1.32208e-35
      cigid              0.503306
      fknee                233521
       sigs           5.08153e-30
       sigd           2.57673e-30
      siavl            7.1056e-37
        ssi                     0
        sdi           2.26548e-31
    sfledge                     0
    sidedge                     0
     lp_vfb             -0.865306
   lp_stvfb           0.000759154
  lp_st2vfb                     0
     lp_tox            1.9704e-09
  lp_epsrox                   3.9
    lp_neff           4.36382e+23
lp_facneffa                     1
 lp_gfacnud                     1
  lp_vsbnud                     0
 lp_dvsbnud                     1
   lp_vnsub                     0
    lp_nslp                  0.05
   lp_dnsub              0.039707
   lp_dphib            -0.0915717
 lp_delvtac                     0
      lp_np           1.09869e+26
   lp_toxov            1.9704e-09
  lp_toxovd            1.9704e-09
     lp_nov             3.104e+25
    lp_novd             3.104e+25
      lp_ct             0.0273358
     lp_ctg                     0
     lp_ctb                     0
    lp_stct                     1
      lp_cf           0.000313382
    lp_cfac           0.000313382
     lp_cfd                     0
     lp_cfb               0.57877
    lp_psce                     0
   lp_psceb                     0
   lp_psced                     0
    lp_betn             0.0553103
   lp_stbet               1.64002
     lp_mue                2.2161
   lp_stmue               0.84805
   lp_themu               1.26159
 lp_stthemu             4.441e-15
      lp_cs               1.43749
    lp_stcs                1.0269
   lp_thecs                1.4566
 lp_stthecs                     0
    lp_xcor              0.103476
  lp_stxcor            2.7756e-17
    lp_feta                     1
      lp_rs               355.525
    lp_strs               -0.3508
     lp_rsb                  0.06
     lp_rsg                 0.495
  lp_thesat              0.096348
lp_thesatac              0.096348
lp_stthesat                10.008
 lp_thesatb                     0
 lp_thesatg                     0
      lp_ax               4.50441
    lp_axac               4.50441
     lp_alp            0.00538053
   lp_alpac            0.00538053
    lp_alp1            0.00479829
    lp_alp2            0.00601328
      lp_vp            7.3803e-06
      lp_a1            0.00509053
      lp_a2                 13.33
    lp_sta2                     2
      lp_a3               1.34137
      lp_a4                     0
     lp_gco               0.01231
   lp_iginv               5062.02
    lp_igov               47.5871
   lp_igovd               47.5871
    lp_stig                2.3506
     lp_gc2               0.54762
     lp_gc3              -0.29543
   lp_gc2ov               0.54762
   lp_gc3ov              -0.29543
    lp_chib                   3.1
   lp_agidl           2.64329e-06
  lp_agidld           2.64329e-06
   lp_bgidl                 15.12
  lp_bgidld                 15.12
 lp_stbgidl            -0.0014941
lp_stbgidld            -0.0014941
   lp_cgidl               0.02068
  lp_cgidld               0.02068
     lp_cox             1.548e-14
    lp_cgov           6.35098e-16
   lp_cgovd           6.35098e-16
lp_fcgovacc                     0
lp_fcgovacc                     0
lp_cgovaccg                     1
   lp_cgbov           1.45599e-17
    lp_cinr                     0
   lp_cinrd                     0
 lp_dvfbinr                     0
lp_fcinrdep                   0.3
lp_fcinracc                   0.5
   lp_axinr                   0.5
     lp_cfr             1.465e-16
    lp_cfrd             1.465e-16
     lp_fnt                  1.85
  lp_fntexc                     0
     lp_nfa           2.32263e+26
     lp_nfb           6.01739e+08
     lp_nfc           5.93117e-07
      lp_ef                     1
 lp_vfbedge                     0
lp_stvfbedg                0.0005
lp_dphibedg                     0
lp_neffedge                 5e+23
  lp_ctedge                     0
lp_betnedge                     0
lp_stbetedg                     1
lp_psceedge                     0
lp_pscebedg                     0
lp_pscededg                     0
  lp_cfedge                     0
 lp_cfdedge                     0
 lp_cfbedge                     0
 lp_fntedge                     1
 lp_nfaedge           5.62218e+24
 lp_nfbedge           2.10832e+09
 lp_nfcedge                     0
  lp_efedge                     1
      lp_rg              0.905089
     lp_rse                     0
     lp_rde                     0
   lp_rbulk                     0
   lp_rwell                     0
   lp_rjuns                     0
   lp_rjund                     0
         tk                300.15
    cjosbot           1.71098e-14
    cjossti           2.75099e-15
    cjosgat           1.56589e-15
    vbisbot              0.757443
    vbissti               1.71938
    vbisgat                1.3916
  idsatsbot           1.48852e-18
  idsatssti           1.99992e-19
  idsatsgat                     0
   cjosbotd           1.71098e-14
   cjosstid           2.75099e-15
   cjosgatd           1.56589e-15
   vbisbotd              0.757443
   vbisstid               1.71938
   vbisgatd                1.3916
 idsatsbotd           1.48852e-18
 idsatsstid           1.99992e-19
 idsatsgatd                     0

SHOW_END
Note: Simulation executed from .control section 
