
Note: No compatibility mode selected!


Circuit: leung_nmcf_pin_3 cmos educational ACDC

Warning: Model issue on line 61 :
  .model nmos_rvt nmos (level=1 vto=    5.000000000000000e-01     kp=    2 ...
unrecognized parameter (tcv) - ignored
unrecognized parameter (bex) - ignored

Warning: Model issue on line 63 :
  .model pmos_rvt pmos (level=1 vto=   -5.000000000000000e-01     kp=    1 ...
unrecognized parameter (tcv) - ignored
unrecognized parameter (bex) - ignored

Note: Starting dynamic gmin stepping
Note: Dynamic gmin stepping completed
Note: Starting dynamic gmin stepping
Note: Dynamic gmin stepping completed
Doing analysis at TEMP = 27.000000 and TNOM = 27.000000

Using SPARSE 1.3 as Direct Linear Solver

No. of Data Rows : 1
v(opout) = 9.000052e-01
v(opout_dc) = 9.000052e-01
v(opin) = 9.000000e-01
@m.x1.m8[id] = 9.841963e-06
@m.x1.m9[id] = 9.842909e-06
@m.x1.m10[id] = 5.165487e-06
@m.x1.m23[id] = 2.030066e-06
@m.x1.m11[id] = 2.030066e-06
@m.x1.m8[gm] = 1.837295e-04
@m.x1.m10[gm] = 2.964861e-04
@m.x1.m23[gm] = 2.854163e-04
@m.x1.m11[gm] = 1.165207e-04
@m.x1.m8[gds] = 4.591193e-07
@m.x1.m10[gds] = 2.428308e-07
@m.x1.m23[gds] = 9.713226e-08
@m.x1.m22[gds] = 2.516308e-07
@m.x1.m6[gds] = 5.012321e-08
IDD_BEGIN
idd_op = 2.181720e-04
IDD_END
Doing analysis at TEMP = 27.000000 and TNOM = 27.000000

Using SPARSE 1.3 as Direct Linear Solver

No. of Data Rows : 361
dcgain_             =  1.11164e+02
ugf_hz              =  3.66305e+05
Note: Starting dynamic gmin stepping
Note: Dynamic gmin stepping completed
phase_at_ugf        =  8.90351e+01
cmrrdc              =  -1.04637e+02
dcpsrp              =  -1.11139e+02
dcpsrn              =  -1.04327e+02
METRICS_BEGIN
dcgain = 1.111644e+02
ugf_hz = 3.663045e+05
pm_deg = 8.903515e+01
cmrr_dc_db = 1.046365e+02
psrrp_dc_db = 1.111387e+02
psrrn_dc_db = 1.043267e+02
METRICS_END
Doing analysis at TEMP = 27.000000 and TNOM = 27.000000

Using SPARSE 1.3 as Direct Linear Solver

No. of Data Rows : 161

No. of Data Rows : 1
Note: Simulation executed from .control section 
